running egg_info
creating ../build/lma_node/lma_node.egg-info
writing ../build/lma_node/lma_node.egg-info/PKG-INFO
writing dependency_links to ../build/lma_node/lma_node.egg-info/dependency_links.txt
writing entry points to ../build/lma_node/lma_node.egg-info/entry_points.txt
writing requirements to ../build/lma_node/lma_node.egg-info/requires.txt
writing top-level names to ../build/lma_node/lma_node.egg-info/top_level.txt
writing manifest file '../build/lma_node/lma_node.egg-info/SOURCES.txt'
reading manifest file '../build/lma_node/lma_node.egg-info/SOURCES.txt'
writing manifest file '../build/lma_node/lma_node.egg-info/SOURCES.txt'
running build
running build_py
creating /home/akil/Desktop/synapse_mesh/build/lma_node/build
creating /home/akil/Desktop/synapse_mesh/build/lma_node/build/lib
creating /home/akil/Desktop/synapse_mesh/build/lma_node/build/lib/lma_node
copying lma_node/__init__.py -> /home/akil/Desktop/synapse_mesh/build/lma_node/build/lib/lma_node
copying lma_node/lma_node.py -> /home/akil/Desktop/synapse_mesh/build/lma_node/build/lib/lma_node
running install
running install_lib
creating /home/akil/Desktop/synapse_mesh/install/lma_node/lib/python3.10/site-packages/lma_node
copying /home/akil/Desktop/synapse_mesh/build/lma_node/build/lib/lma_node/__init__.py -> /home/akil/Desktop/synapse_mesh/install/lma_node/lib/python3.10/site-packages/lma_node
copying /home/akil/Desktop/synapse_mesh/build/lma_node/build/lib/lma_node/lma_node.py -> /home/akil/Desktop/synapse_mesh/install/lma_node/lib/python3.10/site-packages/lma_node
byte-compiling /home/akil/Desktop/synapse_mesh/install/lma_node/lib/python3.10/site-packages/lma_node/__init__.py to __init__.cpython-310.pyc
byte-compiling /home/akil/Desktop/synapse_mesh/install/lma_node/lib/python3.10/site-packages/lma_node/lma_node.py to lma_node.cpython-310.pyc
running install_data
creating /home/akil/Desktop/synapse_mesh/install/lma_node/share/ament_index
creating /home/akil/Desktop/synapse_mesh/install/lma_node/share/ament_index/resource_index
creating /home/akil/Desktop/synapse_mesh/install/lma_node/share/ament_index/resource_index/packages
copying resource/lma_node -> /home/akil/Desktop/synapse_mesh/install/lma_node/share/ament_index/resource_index/packages
copying package.xml -> /home/akil/Desktop/synapse_mesh/install/lma_node/share/lma_node
running install_egg_info
Copying ../build/lma_node/lma_node.egg-info to /home/akil/Desktop/synapse_mesh/install/lma_node/lib/python3.10/site-packages/lma_node-0.0.0-py3.10.egg-info
running install_scripts
Installing lma_node script to /home/akil/Desktop/synapse_mesh/install/lma_node/lib/lma_node
writing list of installed files to '/home/akil/Desktop/synapse_mesh/build/lma_node/install.log'
