running egg_info
creating ../build/synapse_mesh_bringup/synapse_mesh_bringup.egg-info
writing ../build/synapse_mesh_bringup/synapse_mesh_bringup.egg-info/PKG-INFO
writing dependency_links to ../build/synapse_mesh_bringup/synapse_mesh_bringup.egg-info/dependency_links.txt
writing entry points to ../build/synapse_mesh_bringup/synapse_mesh_bringup.egg-info/entry_points.txt
writing requirements to ../build/synapse_mesh_bringup/synapse_mesh_bringup.egg-info/requires.txt
writing top-level names to ../build/synapse_mesh_bringup/synapse_mesh_bringup.egg-info/top_level.txt
writing manifest file '../build/synapse_mesh_bringup/synapse_mesh_bringup.egg-info/SOURCES.txt'
reading manifest file '../build/synapse_mesh_bringup/synapse_mesh_bringup.egg-info/SOURCES.txt'
writing manifest file '../build/synapse_mesh_bringup/synapse_mesh_bringup.egg-info/SOURCES.txt'
running build
running build_py
creating /home/akil/Desktop/synapse_mesh/build/synapse_mesh_bringup/build
creating /home/akil/Desktop/synapse_mesh/build/synapse_mesh_bringup/build/lib
creating /home/akil/Desktop/synapse_mesh/build/synapse_mesh_bringup/build/lib/synapse_mesh_bringup
copying synapse_mesh_bringup/fms_dispatcher.py -> /home/akil/Desktop/synapse_mesh/build/synapse_mesh_bringup/build/lib/synapse_mesh_bringup
copying synapse_mesh_bringup/__init__.py -> /home/akil/Desktop/synapse_mesh/build/synapse_mesh_bringup/build/lib/synapse_mesh_bringup
copying synapse_mesh_bringup/fms_server.py -> /home/akil/Desktop/synapse_mesh/build/synapse_mesh_bringup/build/lib/synapse_mesh_bringup
running install
running install_lib
creating /home/akil/Desktop/synapse_mesh/install/synapse_mesh_bringup/lib/python3.10/site-packages/synapse_mesh_bringup
copying /home/akil/Desktop/synapse_mesh/build/synapse_mesh_bringup/build/lib/synapse_mesh_bringup/fms_dispatcher.py -> /home/akil/Desktop/synapse_mesh/install/synapse_mesh_bringup/lib/python3.10/site-packages/synapse_mesh_bringup
copying /home/akil/Desktop/synapse_mesh/build/synapse_mesh_bringup/build/lib/synapse_mesh_bringup/__init__.py -> /home/akil/Desktop/synapse_mesh/install/synapse_mesh_bringup/lib/python3.10/site-packages/synapse_mesh_bringup
copying /home/akil/Desktop/synapse_mesh/build/synapse_mesh_bringup/build/lib/synapse_mesh_bringup/fms_server.py -> /home/akil/Desktop/synapse_mesh/install/synapse_mesh_bringup/lib/python3.10/site-packages/synapse_mesh_bringup
byte-compiling /home/akil/Desktop/synapse_mesh/install/synapse_mesh_bringup/lib/python3.10/site-packages/synapse_mesh_bringup/fms_dispatcher.py to fms_dispatcher.cpython-310.pyc
byte-compiling /home/akil/Desktop/synapse_mesh/install/synapse_mesh_bringup/lib/python3.10/site-packages/synapse_mesh_bringup/__init__.py to __init__.cpython-310.pyc
byte-compiling /home/akil/Desktop/synapse_mesh/install/synapse_mesh_bringup/lib/python3.10/site-packages/synapse_mesh_bringup/fms_server.py to fms_server.cpython-310.pyc
running install_data
creating /home/akil/Desktop/synapse_mesh/install/synapse_mesh_bringup/share/ament_index
creating /home/akil/Desktop/synapse_mesh/install/synapse_mesh_bringup/share/ament_index/resource_index
creating /home/akil/Desktop/synapse_mesh/install/synapse_mesh_bringup/share/ament_index/resource_index/packages
copying resource/synapse_mesh_bringup -> /home/akil/Desktop/synapse_mesh/install/synapse_mesh_bringup/share/ament_index/resource_index/packages
copying package.xml -> /home/akil/Desktop/synapse_mesh/install/synapse_mesh_bringup/share/synapse_mesh_bringup
creating /home/akil/Desktop/synapse_mesh/install/synapse_mesh_bringup/share/synapse_mesh_bringup/launch
copying launch/warehouse.launch.py -> /home/akil/Desktop/synapse_mesh/install/synapse_mesh_bringup/share/synapse_mesh_bringup/launch
creating /home/akil/Desktop/synapse_mesh/install/synapse_mesh_bringup/share/synapse_mesh_bringup/worlds
copying worlds/warehouse.world -> /home/akil/Desktop/synapse_mesh/install/synapse_mesh_bringup/share/synapse_mesh_bringup/worlds
running install_egg_info
Copying ../build/synapse_mesh_bringup/synapse_mesh_bringup.egg-info to /home/akil/Desktop/synapse_mesh/install/synapse_mesh_bringup/lib/python3.10/site-packages/synapse_mesh_bringup-0.0.0-py3.10.egg-info
running install_scripts
Installing fms_server script to /home/akil/Desktop/synapse_mesh/install/synapse_mesh_bringup/lib/synapse_mesh_bringup
writing list of installed files to '/home/akil/Desktop/synapse_mesh/build/synapse_mesh_bringup/install.log'
