[1.604s] Invoking command in '/home/akil/Desktop/synapse_mesh/scratch_bringup_full': PYTHONPATH=/home/akil/Desktop/synapse_mesh/build/synapse_mesh_bringup/prefix_override:/usr/lib/python3/dist-packages/colcon_core/task/python/colcon_distutils_commands:/home/akil/Desktop/synapse_mesh/install/synapse_mesh_bringup/lib/python3.10/site-packages:${PYTHONPATH} /usr/bin/python3 -W ignore:setup.py install is deprecated -W ignore:easy_install command is deprecated setup.py egg_info --egg-base ../build/synapse_mesh_bringup build --build-base /home/akil/Desktop/synapse_mesh/build/synapse_mesh_bringup/build install --record /home/akil/Desktop/synapse_mesh/build/synapse_mesh_bringup/install.log --install-scripts $base/lib/synapse_mesh_bringup --single-version-externally-managed install_data
[1.959s] running egg_info
[1.959s] creating ../build/synapse_mesh_bringup/synapse_mesh_bringup.egg-info
[1.959s] writing ../build/synapse_mesh_bringup/synapse_mesh_bringup.egg-info/PKG-INFO
[1.959s] writing dependency_links to ../build/synapse_mesh_bringup/synapse_mesh_bringup.egg-info/dependency_links.txt
[1.959s] writing entry points to ../build/synapse_mesh_bringup/synapse_mesh_bringup.egg-info/entry_points.txt
[1.960s] writing requirements to ../build/synapse_mesh_bringup/synapse_mesh_bringup.egg-info/requires.txt
[1.960s] writing top-level names to ../build/synapse_mesh_bringup/synapse_mesh_bringup.egg-info/top_level.txt
[1.962s] writing manifest file '../build/synapse_mesh_bringup/synapse_mesh_bringup.egg-info/SOURCES.txt'
[1.963s] reading manifest file '../build/synapse_mesh_bringup/synapse_mesh_bringup.egg-info/SOURCES.txt'
[1.964s] writing manifest file '../build/synapse_mesh_bringup/synapse_mesh_bringup.egg-info/SOURCES.txt'
[1.964s] running build
[1.964s] running build_py
[1.965s] creating /home/akil/Desktop/synapse_mesh/build/synapse_mesh_bringup/build
[1.965s] creating /home/akil/Desktop/synapse_mesh/build/synapse_mesh_bringup/build/lib
[1.965s] creating /home/akil/Desktop/synapse_mesh/build/synapse_mesh_bringup/build/lib/synapse_mesh_bringup
[1.965s] copying synapse_mesh_bringup/fms_dispatcher.py -> /home/akil/Desktop/synapse_mesh/build/synapse_mesh_bringup/build/lib/synapse_mesh_bringup
[1.965s] copying synapse_mesh_bringup/__init__.py -> /home/akil/Desktop/synapse_mesh/build/synapse_mesh_bringup/build/lib/synapse_mesh_bringup
[1.965s] copying synapse_mesh_bringup/fms_server.py -> /home/akil/Desktop/synapse_mesh/build/synapse_mesh_bringup/build/lib/synapse_mesh_bringup
[1.965s] running install
[1.965s] running install_lib
[1.966s] creating /home/akil/Desktop/synapse_mesh/install/synapse_mesh_bringup/lib/python3.10/site-packages/synapse_mesh_bringup
[1.966s] copying /home/akil/Desktop/synapse_mesh/build/synapse_mesh_bringup/build/lib/synapse_mesh_bringup/fms_dispatcher.py -> /home/akil/Desktop/synapse_mesh/install/synapse_mesh_bringup/lib/python3.10/site-packages/synapse_mesh_bringup
[1.966s] copying /home/akil/Desktop/synapse_mesh/build/synapse_mesh_bringup/build/lib/synapse_mesh_bringup/__init__.py -> /home/akil/Desktop/synapse_mesh/install/synapse_mesh_bringup/lib/python3.10/site-packages/synapse_mesh_bringup
[1.966s] copying /home/akil/Desktop/synapse_mesh/build/synapse_mesh_bringup/build/lib/synapse_mesh_bringup/fms_server.py -> /home/akil/Desktop/synapse_mesh/install/synapse_mesh_bringup/lib/python3.10/site-packages/synapse_mesh_bringup
[1.967s] byte-compiling /home/akil/Desktop/synapse_mesh/install/synapse_mesh_bringup/lib/python3.10/site-packages/synapse_mesh_bringup/fms_dispatcher.py to fms_dispatcher.cpython-310.pyc
[1.968s] byte-compiling /home/akil/Desktop/synapse_mesh/install/synapse_mesh_bringup/lib/python3.10/site-packages/synapse_mesh_bringup/__init__.py to __init__.cpython-310.pyc
[1.968s] byte-compiling /home/akil/Desktop/synapse_mesh/install/synapse_mesh_bringup/lib/python3.10/site-packages/synapse_mesh_bringup/fms_server.py to fms_server.cpython-310.pyc
[1.970s] running install_data
[1.970s] creating /home/akil/Desktop/synapse_mesh/install/synapse_mesh_bringup/share/ament_index
[1.970s] creating /home/akil/Desktop/synapse_mesh/install/synapse_mesh_bringup/share/ament_index/resource_index
[1.970s] creating /home/akil/Desktop/synapse_mesh/install/synapse_mesh_bringup/share/ament_index/resource_index/packages
[1.970s] copying resource/synapse_mesh_bringup -> /home/akil/Desktop/synapse_mesh/install/synapse_mesh_bringup/share/ament_index/resource_index/packages
[1.970s] copying package.xml -> /home/akil/Desktop/synapse_mesh/install/synapse_mesh_bringup/share/synapse_mesh_bringup
[1.970s] creating /home/akil/Desktop/synapse_mesh/install/synapse_mesh_bringup/share/synapse_mesh_bringup/launch
[1.970s] copying launch/warehouse.launch.py -> /home/akil/Desktop/synapse_mesh/install/synapse_mesh_bringup/share/synapse_mesh_bringup/launch
[1.970s] creating /home/akil/Desktop/synapse_mesh/install/synapse_mesh_bringup/share/synapse_mesh_bringup/worlds
[1.970s] copying worlds/warehouse.world -> /home/akil/Desktop/synapse_mesh/install/synapse_mesh_bringup/share/synapse_mesh_bringup/worlds
[1.970s] running install_egg_info
[1.973s] Copying ../build/synapse_mesh_bringup/synapse_mesh_bringup.egg-info to /home/akil/Desktop/synapse_mesh/install/synapse_mesh_bringup/lib/python3.10/site-packages/synapse_mesh_bringup-0.0.0-py3.10.egg-info
[1.975s] running install_scripts
[2.001s] Installing fms_server script to /home/akil/Desktop/synapse_mesh/install/synapse_mesh_bringup/lib/synapse_mesh_bringup
[2.001s] writing list of installed files to '/home/akil/Desktop/synapse_mesh/build/synapse_mesh_bringup/install.log'
[2.067s] Invoked command in '/home/akil/Desktop/synapse_mesh/scratch_bringup_full' returned '0': PYTHONPATH=/home/akil/Desktop/synapse_mesh/build/synapse_mesh_bringup/prefix_override:/usr/lib/python3/dist-packages/colcon_core/task/python/colcon_distutils_commands:/home/akil/Desktop/synapse_mesh/install/synapse_mesh_bringup/lib/python3.10/site-packages:${PYTHONPATH} /usr/bin/python3 -W ignore:setup.py install is deprecated -W ignore:easy_install command is deprecated setup.py egg_info --egg-base ../build/synapse_mesh_bringup build --build-base /home/akil/Desktop/synapse_mesh/build/synapse_mesh_bringup/build install --record /home/akil/Desktop/synapse_mesh/build/synapse_mesh_bringup/install.log --install-scripts $base/lib/synapse_mesh_bringup --single-version-externally-managed install_data
