[0.122s] DEBUG:colcon:Command line arguments: ['/usr/bin/colcon', 'build']
[0.122s] DEBUG:colcon:Parsed command line arguments: Namespace(log_base=None, log_level=None, verb_name='build', build_base='build', install_base='install', merge_install=False, symlink_install=False, test_result_base=None, continue_on_error=False, executor='parallel', parallel_workers=12, event_handlers=None, ignore_user_meta=False, metas=['./colcon.meta'], base_paths=['.'], packages_ignore=None, packages_ignore_regex=None, paths=None, packages_up_to=None, packages_up_to_regex=None, packages_above=None, packages_above_and_dependencies=None, packages_above_depth=None, packages_select_by_dep=None, packages_skip_by_dep=None, packages_skip_up_to=None, packages_select_build_failed=False, packages_skip_build_finished=False, packages_select_test_failures=False, packages_skip_test_passed=False, packages_select=None, packages_skip=None, packages_select_regex=None, packages_skip_regex=None, packages_start=None, packages_end=None, allow_overriding=[], cmake_args=None, cmake_target=None, cmake_target_skip_unavailable=False, cmake_clean_cache=False, cmake_clean_first=False, cmake_force_configure=False, ament_cmake_args=None, catkin_cmake_args=None, catkin_skip_building_tests=False, mixin_files=None, mixin=None, verb_parser=<colcon_mixin.mixin.mixin_argument.MixinArgumentDecorator object at 0x743a9cb633d0>, verb_extension=<colcon_core.verb.build.BuildVerb object at 0x743a9cb62a10>, main=<bound method BuildVerb.main of <colcon_core.verb.build.BuildVerb object at 0x743a9cb62a10>>, mixin_verb=('build',))
[0.284s] Level 1:colcon.colcon_core.package_discovery:discover_packages(colcon_meta) check parameters
[0.284s] Level 1:colcon.colcon_core.package_discovery:discover_packages(recursive) check parameters
[0.284s] Level 1:colcon.colcon_core.package_discovery:discover_packages(ignore) check parameters
[0.284s] Level 1:colcon.colcon_core.package_discovery:discover_packages(path) check parameters
[0.285s] Level 1:colcon.colcon_core.package_discovery:discover_packages(colcon_meta) discover
[0.285s] Level 1:colcon.colcon_core.package_discovery:discover_packages(recursive) discover
[0.285s] INFO:colcon.colcon_core.package_discovery:Crawling recursively for packages in '/home/akil/Desktop/synapse_mesh'
[0.285s] Level 1:colcon.colcon_core.package_identification:_identify(.) by extensions ['ignore', 'ignore_ament_install']
[0.285s] Level 1:colcon.colcon_core.package_identification:_identify(.) by extension 'ignore'
[0.285s] Level 1:colcon.colcon_core.package_identification:_identify(.) by extension 'ignore_ament_install'
[0.285s] Level 1:colcon.colcon_core.package_identification:_identify(.) by extensions ['colcon_pkg']
[0.285s] Level 1:colcon.colcon_core.package_identification:_identify(.) by extension 'colcon_pkg'
[0.285s] Level 1:colcon.colcon_core.package_identification:_identify(.) by extensions ['colcon_meta']
[0.285s] Level 1:colcon.colcon_core.package_identification:_identify(.) by extension 'colcon_meta'
[0.285s] Level 1:colcon.colcon_core.package_identification:_identify(.) by extensions ['ros']
[0.285s] Level 1:colcon.colcon_core.package_identification:_identify(.) by extension 'ros'
[0.299s] Level 1:colcon.colcon_core.package_identification:_identify(.) by extensions ['cmake', 'python']
[0.299s] Level 1:colcon.colcon_core.package_identification:_identify(.) by extension 'cmake'
[0.299s] Level 1:colcon.colcon_core.package_identification:_identify(.) by extension 'python'
[0.299s] Level 1:colcon.colcon_core.package_identification:_identify(.) by extensions ['python_setup_py']
[0.299s] Level 1:colcon.colcon_core.package_identification:_identify(.) by extension 'python_setup_py'
[0.299s] Level 1:colcon.colcon_core.package_identification:_identify(build) by extensions ['ignore', 'ignore_ament_install']
[0.299s] Level 1:colcon.colcon_core.package_identification:_identify(build) by extension 'ignore'
[0.299s] Level 1:colcon.colcon_core.package_identification:_identify(build) ignored
[0.300s] Level 1:colcon.colcon_core.package_identification:_identify(install) by extensions ['ignore', 'ignore_ament_install']
[0.300s] Level 1:colcon.colcon_core.package_identification:_identify(install) by extension 'ignore'
[0.300s] Level 1:colcon.colcon_core.package_identification:_identify(install) ignored
[0.300s] Level 1:colcon.colcon_core.package_identification:_identify(log) by extensions ['ignore', 'ignore_ament_install']
[0.300s] Level 1:colcon.colcon_core.package_identification:_identify(log) by extension 'ignore'
[0.300s] Level 1:colcon.colcon_core.package_identification:_identify(log) ignored
[0.300s] Level 1:colcon.colcon_core.package_identification:_identify(scratch_bringup_full) by extensions ['ignore', 'ignore_ament_install']
[0.300s] Level 1:colcon.colcon_core.package_identification:_identify(scratch_bringup_full) by extension 'ignore'
[0.300s] Level 1:colcon.colcon_core.package_identification:_identify(scratch_bringup_full) by extension 'ignore_ament_install'
[0.300s] Level 1:colcon.colcon_core.package_identification:_identify(scratch_bringup_full) by extensions ['colcon_pkg']
[0.300s] Level 1:colcon.colcon_core.package_identification:_identify(scratch_bringup_full) by extension 'colcon_pkg'
[0.300s] Level 1:colcon.colcon_core.package_identification:_identify(scratch_bringup_full) by extensions ['colcon_meta']
[0.300s] Level 1:colcon.colcon_core.package_identification:_identify(scratch_bringup_full) by extension 'colcon_meta'
[0.300s] Level 1:colcon.colcon_core.package_identification:_identify(scratch_bringup_full) by extensions ['ros']
[0.300s] Level 1:colcon.colcon_core.package_identification:_identify(scratch_bringup_full) by extension 'ros'
[0.303s] DEBUG:colcon.colcon_core.package_identification:Package 'scratch_bringup_full' with type 'ros.ament_python' and name 'synapse_mesh_bringup'
[0.303s] Level 1:colcon.colcon_core.package_identification:_identify(scratch_lma_node) by extensions ['ignore', 'ignore_ament_install']
[0.304s] Level 1:colcon.colcon_core.package_identification:_identify(scratch_lma_node) by extension 'ignore'
[0.304s] Level 1:colcon.colcon_core.package_identification:_identify(scratch_lma_node) by extension 'ignore_ament_install'
[0.304s] Level 1:colcon.colcon_core.package_identification:_identify(scratch_lma_node) by extensions ['colcon_pkg']
[0.304s] Level 1:colcon.colcon_core.package_identification:_identify(scratch_lma_node) by extension 'colcon_pkg'
[0.304s] Level 1:colcon.colcon_core.package_identification:_identify(scratch_lma_node) by extensions ['colcon_meta']
[0.304s] Level 1:colcon.colcon_core.package_identification:_identify(scratch_lma_node) by extension 'colcon_meta'
[0.304s] Level 1:colcon.colcon_core.package_identification:_identify(scratch_lma_node) by extensions ['ros']
[0.304s] Level 1:colcon.colcon_core.package_identification:_identify(scratch_lma_node) by extension 'ros'
[0.304s] DEBUG:colcon.colcon_core.package_identification:Package 'scratch_lma_node' with type 'ros.ament_python' and name 'lma_node'
[0.305s] Level 1:colcon.colcon_core.package_identification:_identify(scratch_st_lease_node) by extensions ['ignore', 'ignore_ament_install']
[0.305s] Level 1:colcon.colcon_core.package_identification:_identify(scratch_st_lease_node) by extension 'ignore'
[0.305s] Level 1:colcon.colcon_core.package_identification:_identify(scratch_st_lease_node) by extension 'ignore_ament_install'
[0.305s] Level 1:colcon.colcon_core.package_identification:_identify(scratch_st_lease_node) by extensions ['colcon_pkg']
[0.305s] Level 1:colcon.colcon_core.package_identification:_identify(scratch_st_lease_node) by extension 'colcon_pkg'
[0.305s] Level 1:colcon.colcon_core.package_identification:_identify(scratch_st_lease_node) by extensions ['colcon_meta']
[0.305s] Level 1:colcon.colcon_core.package_identification:_identify(scratch_st_lease_node) by extension 'colcon_meta'
[0.305s] Level 1:colcon.colcon_core.package_identification:_identify(scratch_st_lease_node) by extensions ['ros']
[0.305s] Level 1:colcon.colcon_core.package_identification:_identify(scratch_st_lease_node) by extension 'ros'
[0.305s] DEBUG:colcon.colcon_core.package_identification:Package 'scratch_st_lease_node' with type 'ros.ament_python' and name 'st_lease_node'
[0.306s] Level 1:colcon.colcon_core.package_identification:_identify(scratch_synapse_mesh_bringup) by extensions ['ignore', 'ignore_ament_install']
[0.306s] Level 1:colcon.colcon_core.package_identification:_identify(scratch_synapse_mesh_bringup) by extension 'ignore'
[0.306s] Level 1:colcon.colcon_core.package_identification:_identify(scratch_synapse_mesh_bringup) by extension 'ignore_ament_install'
[0.306s] Level 1:colcon.colcon_core.package_identification:_identify(scratch_synapse_mesh_bringup) by extensions ['colcon_pkg']
[0.306s] Level 1:colcon.colcon_core.package_identification:_identify(scratch_synapse_mesh_bringup) by extension 'colcon_pkg'
[0.306s] Level 1:colcon.colcon_core.package_identification:_identify(scratch_synapse_mesh_bringup) by extensions ['colcon_meta']
[0.306s] Level 1:colcon.colcon_core.package_identification:_identify(scratch_synapse_mesh_bringup) by extension 'colcon_meta'
[0.306s] Level 1:colcon.colcon_core.package_identification:_identify(scratch_synapse_mesh_bringup) by extensions ['ros']
[0.306s] Level 1:colcon.colcon_core.package_identification:_identify(scratch_synapse_mesh_bringup) by extension 'ros'
[0.306s] Level 1:colcon.colcon_core.package_identification:_identify(scratch_synapse_mesh_bringup) by extensions ['cmake', 'python']
[0.306s] Level 1:colcon.colcon_core.package_identification:_identify(scratch_synapse_mesh_bringup) by extension 'cmake'
[0.306s] Level 1:colcon.colcon_core.package_identification:_identify(scratch_synapse_mesh_bringup) by extension 'python'
[0.306s] Level 1:colcon.colcon_core.package_identification:_identify(scratch_synapse_mesh_bringup) by extensions ['python_setup_py']
[0.306s] Level 1:colcon.colcon_core.package_identification:_identify(scratch_synapse_mesh_bringup) by extension 'python_setup_py'
[0.306s] Level 1:colcon.colcon_core.package_identification:_identify(scratch_synapse_mesh_bringup/__pycache__) by extensions ['ignore', 'ignore_ament_install']
[0.306s] Level 1:colcon.colcon_core.package_identification:_identify(scratch_synapse_mesh_bringup/__pycache__) by extension 'ignore'
[0.306s] Level 1:colcon.colcon_core.package_identification:_identify(scratch_synapse_mesh_bringup/__pycache__) by extension 'ignore_ament_install'
[0.306s] Level 1:colcon.colcon_core.package_identification:_identify(scratch_synapse_mesh_bringup/__pycache__) by extensions ['colcon_pkg']
[0.306s] Level 1:colcon.colcon_core.package_identification:_identify(scratch_synapse_mesh_bringup/__pycache__) by extension 'colcon_pkg'
[0.306s] Level 1:colcon.colcon_core.package_identification:_identify(scratch_synapse_mesh_bringup/__pycache__) by extensions ['colcon_meta']
[0.306s] Level 1:colcon.colcon_core.package_identification:_identify(scratch_synapse_mesh_bringup/__pycache__) by extension 'colcon_meta'
[0.306s] Level 1:colcon.colcon_core.package_identification:_identify(scratch_synapse_mesh_bringup/__pycache__) by extensions ['ros']
[0.306s] Level 1:colcon.colcon_core.package_identification:_identify(scratch_synapse_mesh_bringup/__pycache__) by extension 'ros'
[0.306s] Level 1:colcon.colcon_core.package_identification:_identify(scratch_synapse_mesh_bringup/__pycache__) by extensions ['cmake', 'python']
[0.306s] Level 1:colcon.colcon_core.package_identification:_identify(scratch_synapse_mesh_bringup/__pycache__) by extension 'cmake'
[0.307s] Level 1:colcon.colcon_core.package_identification:_identify(scratch_synapse_mesh_bringup/__pycache__) by extension 'python'
[0.307s] Level 1:colcon.colcon_core.package_identification:_identify(scratch_synapse_mesh_bringup/__pycache__) by extensions ['python_setup_py']
[0.307s] Level 1:colcon.colcon_core.package_identification:_identify(scratch_synapse_mesh_bringup/__pycache__) by extension 'python_setup_py'
[0.307s] Level 1:colcon.colcon_core.package_identification:_identify(src) by extensions ['ignore', 'ignore_ament_install']
[0.307s] Level 1:colcon.colcon_core.package_identification:_identify(src) by extension 'ignore'
[0.307s] Level 1:colcon.colcon_core.package_identification:_identify(src) by extension 'ignore_ament_install'
[0.307s] Level 1:colcon.colcon_core.package_identification:_identify(src) by extensions ['colcon_pkg']
[0.307s] Level 1:colcon.colcon_core.package_identification:_identify(src) by extension 'colcon_pkg'
[0.307s] Level 1:colcon.colcon_core.package_identification:_identify(src) by extensions ['colcon_meta']
[0.307s] Level 1:colcon.colcon_core.package_identification:_identify(src) by extension 'colcon_meta'
[0.307s] Level 1:colcon.colcon_core.package_identification:_identify(src) by extensions ['ros']
[0.307s] Level 1:colcon.colcon_core.package_identification:_identify(src) by extension 'ros'
[0.307s] Level 1:colcon.colcon_core.package_identification:_identify(src) by extensions ['cmake', 'python']
[0.307s] Level 1:colcon.colcon_core.package_identification:_identify(src) by extension 'cmake'
[0.307s] Level 1:colcon.colcon_core.package_identification:_identify(src) by extension 'python'
[0.307s] Level 1:colcon.colcon_core.package_identification:_identify(src) by extensions ['python_setup_py']
[0.307s] Level 1:colcon.colcon_core.package_identification:_identify(src) by extension 'python_setup_py'
[0.307s] Level 1:colcon.colcon_core.package_identification:_identify(src/amr_web_dashboard) by extensions ['ignore', 'ignore_ament_install']
[0.307s] Level 1:colcon.colcon_core.package_identification:_identify(src/amr_web_dashboard) by extension 'ignore'
[0.307s] Level 1:colcon.colcon_core.package_identification:_identify(src/amr_web_dashboard) by extension 'ignore_ament_install'
[0.307s] Level 1:colcon.colcon_core.package_identification:_identify(src/amr_web_dashboard) by extensions ['colcon_pkg']
[0.307s] Level 1:colcon.colcon_core.package_identification:_identify(src/amr_web_dashboard) by extension 'colcon_pkg'
[0.307s] Level 1:colcon.colcon_core.package_identification:_identify(src/amr_web_dashboard) by extensions ['colcon_meta']
[0.307s] Level 1:colcon.colcon_core.package_identification:_identify(src/amr_web_dashboard) by extension 'colcon_meta'
[0.307s] Level 1:colcon.colcon_core.package_identification:_identify(src/amr_web_dashboard) by extensions ['ros']
[0.307s] Level 1:colcon.colcon_core.package_identification:_identify(src/amr_web_dashboard) by extension 'ros'
[0.307s] Level 1:colcon.colcon_core.package_identification:_identify(src/amr_web_dashboard) by extensions ['cmake', 'python']
[0.307s] Level 1:colcon.colcon_core.package_identification:_identify(src/amr_web_dashboard) by extension 'cmake'
[0.307s] Level 1:colcon.colcon_core.package_identification:_identify(src/amr_web_dashboard) by extension 'python'
[0.308s] Level 1:colcon.colcon_core.package_identification:_identify(src/amr_web_dashboard) by extensions ['python_setup_py']
[0.308s] Level 1:colcon.colcon_core.package_identification:_identify(src/amr_web_dashboard) by extension 'python_setup_py'
[0.308s] Level 1:colcon.colcon_core.package_identification:_identify(src/synapse_amr_warehouse) by extensions ['ignore', 'ignore_ament_install']
[0.308s] Level 1:colcon.colcon_core.package_identification:_identify(src/synapse_amr_warehouse) by extension 'ignore'
[0.308s] Level 1:colcon.colcon_core.package_identification:_identify(src/synapse_amr_warehouse) by extension 'ignore_ament_install'
[0.308s] Level 1:colcon.colcon_core.package_identification:_identify(src/synapse_amr_warehouse) by extensions ['colcon_pkg']
[0.308s] Level 1:colcon.colcon_core.package_identification:_identify(src/synapse_amr_warehouse) by extension 'colcon_pkg'
[0.308s] Level 1:colcon.colcon_core.package_identification:_identify(src/synapse_amr_warehouse) by extensions ['colcon_meta']
[0.308s] Level 1:colcon.colcon_core.package_identification:_identify(src/synapse_amr_warehouse) by extension 'colcon_meta'
[0.308s] Level 1:colcon.colcon_core.package_identification:_identify(src/synapse_amr_warehouse) by extensions ['ros']
[0.308s] Level 1:colcon.colcon_core.package_identification:_identify(src/synapse_amr_warehouse) by extension 'ros'
[0.309s] DEBUG:colcon.colcon_core.package_identification:Package 'src/synapse_amr_warehouse' with type 'ros.ament_cmake' and name 'synapse_amr_warehouse'
[0.309s] Level 1:colcon.colcon_core.package_discovery:discover_packages(recursive) using defaults
[0.309s] Level 1:colcon.colcon_core.package_discovery:discover_packages(ignore) discover
[0.309s] Level 1:colcon.colcon_core.package_discovery:discover_packages(ignore) using defaults
[0.309s] Level 1:colcon.colcon_core.package_discovery:discover_packages(path) discover
[0.309s] Level 1:colcon.colcon_core.package_discovery:discover_packages(path) using defaults
[0.376s] Level 1:colcon.colcon_core.package_discovery:discover_packages(prefix_path) check parameters
[0.377s] Level 1:colcon.colcon_core.package_discovery:discover_packages(prefix_path) discover
[0.381s] DEBUG:colcon.colcon_installed_package_information.package_discovery:Found 446 installed packages in /opt/ros/humble
[0.384s] Level 1:colcon.colcon_core.package_discovery:discover_packages(prefix_path) using defaults
[0.450s] Level 5:colcon.colcon_core.verb:set package 'lma_node' build argument 'cmake_args' from command line to 'None'
[0.450s] Level 5:colcon.colcon_core.verb:set package 'lma_node' build argument 'cmake_target' from command line to 'None'
[0.450s] Level 5:colcon.colcon_core.verb:set package 'lma_node' build argument 'cmake_target_skip_unavailable' from command line to 'False'
[0.450s] Level 5:colcon.colcon_core.verb:set package 'lma_node' build argument 'cmake_clean_cache' from command line to 'False'
[0.451s] Level 5:colcon.colcon_core.verb:set package 'lma_node' build argument 'cmake_clean_first' from command line to 'False'
[0.451s] Level 5:colcon.colcon_core.verb:set package 'lma_node' build argument 'cmake_force_configure' from command line to 'False'
[0.451s] Level 5:colcon.colcon_core.verb:set package 'lma_node' build argument 'ament_cmake_args' from command line to 'None'
[0.451s] Level 5:colcon.colcon_core.verb:set package 'lma_node' build argument 'catkin_cmake_args' from command line to 'None'
[0.451s] Level 5:colcon.colcon_core.verb:set package 'lma_node' build argument 'catkin_skip_building_tests' from command line to 'False'
[0.451s] DEBUG:colcon.colcon_core.verb:Building package 'lma_node' with the following arguments: {'ament_cmake_args': None, 'build_base': '/home/akil/Desktop/synapse_mesh/build/lma_node', 'catkin_cmake_args': None, 'catkin_skip_building_tests': False, 'cmake_args': None, 'cmake_clean_cache': False, 'cmake_clean_first': False, 'cmake_force_configure': False, 'cmake_target': None, 'cmake_target_skip_unavailable': False, 'install_base': '/home/akil/Desktop/synapse_mesh/install/lma_node', 'merge_install': False, 'path': '/home/akil/Desktop/synapse_mesh/scratch_lma_node', 'symlink_install': False, 'test_result_base': None}
[0.451s] Level 5:colcon.colcon_core.verb:set package 'st_lease_node' build argument 'cmake_args' from command line to 'None'
[0.451s] Level 5:colcon.colcon_core.verb:set package 'st_lease_node' build argument 'cmake_target' from command line to 'None'
[0.451s] Level 5:colcon.colcon_core.verb:set package 'st_lease_node' build argument 'cmake_target_skip_unavailable' from command line to 'False'
[0.451s] Level 5:colcon.colcon_core.verb:set package 'st_lease_node' build argument 'cmake_clean_cache' from command line to 'False'
[0.451s] Level 5:colcon.colcon_core.verb:set package 'st_lease_node' build argument 'cmake_clean_first' from command line to 'False'
[0.451s] Level 5:colcon.colcon_core.verb:set package 'st_lease_node' build argument 'cmake_force_configure' from command line to 'False'
[0.451s] Level 5:colcon.colcon_core.verb:set package 'st_lease_node' build argument 'ament_cmake_args' from command line to 'None'
[0.451s] Level 5:colcon.colcon_core.verb:set package 'st_lease_node' build argument 'catkin_cmake_args' from command line to 'None'
[0.451s] Level 5:colcon.colcon_core.verb:set package 'st_lease_node' build argument 'catkin_skip_building_tests' from command line to 'False'
[0.451s] DEBUG:colcon.colcon_core.verb:Building package 'st_lease_node' with the following arguments: {'ament_cmake_args': None, 'build_base': '/home/akil/Desktop/synapse_mesh/build/st_lease_node', 'catkin_cmake_args': None, 'catkin_skip_building_tests': False, 'cmake_args': None, 'cmake_clean_cache': False, 'cmake_clean_first': False, 'cmake_force_configure': False, 'cmake_target': None, 'cmake_target_skip_unavailable': False, 'install_base': '/home/akil/Desktop/synapse_mesh/install/st_lease_node', 'merge_install': False, 'path': '/home/akil/Desktop/synapse_mesh/scratch_st_lease_node', 'symlink_install': False, 'test_result_base': None}
[0.452s] Level 5:colcon.colcon_core.verb:set package 'synapse_amr_warehouse' build argument 'cmake_args' from command line to 'None'
[0.452s] Level 5:colcon.colcon_core.verb:set package 'synapse_amr_warehouse' build argument 'cmake_target' from command line to 'None'
[0.452s] Level 5:colcon.colcon_core.verb:set package 'synapse_amr_warehouse' build argument 'cmake_target_skip_unavailable' from command line to 'False'
[0.452s] Level 5:colcon.colcon_core.verb:set package 'synapse_amr_warehouse' build argument 'cmake_clean_cache' from command line to 'False'
[0.452s] Level 5:colcon.colcon_core.verb:set package 'synapse_amr_warehouse' build argument 'cmake_clean_first' from command line to 'False'
[0.452s] Level 5:colcon.colcon_core.verb:set package 'synapse_amr_warehouse' build argument 'cmake_force_configure' from command line to 'False'
[0.452s] Level 5:colcon.colcon_core.verb:set package 'synapse_amr_warehouse' build argument 'ament_cmake_args' from command line to 'None'
[0.452s] Level 5:colcon.colcon_core.verb:set package 'synapse_amr_warehouse' build argument 'catkin_cmake_args' from command line to 'None'
[0.452s] Level 5:colcon.colcon_core.verb:set package 'synapse_amr_warehouse' build argument 'catkin_skip_building_tests' from command line to 'False'
[0.452s] DEBUG:colcon.colcon_core.verb:Building package 'synapse_amr_warehouse' with the following arguments: {'ament_cmake_args': None, 'build_base': '/home/akil/Desktop/synapse_mesh/build/synapse_amr_warehouse', 'catkin_cmake_args': None, 'catkin_skip_building_tests': False, 'cmake_args': None, 'cmake_clean_cache': False, 'cmake_clean_first': False, 'cmake_force_configure': False, 'cmake_target': None, 'cmake_target_skip_unavailable': False, 'install_base': '/home/akil/Desktop/synapse_mesh/install/synapse_amr_warehouse', 'merge_install': False, 'path': '/home/akil/Desktop/synapse_mesh/src/synapse_amr_warehouse', 'symlink_install': False, 'test_result_base': None}
[0.452s] Level 5:colcon.colcon_core.verb:set package 'synapse_mesh_bringup' build argument 'cmake_args' from command line to 'None'
[0.452s] Level 5:colcon.colcon_core.verb:set package 'synapse_mesh_bringup' build argument 'cmake_target' from command line to 'None'
[0.452s] Level 5:colcon.colcon_core.verb:set package 'synapse_mesh_bringup' build argument 'cmake_target_skip_unavailable' from command line to 'False'
[0.452s] Level 5:colcon.colcon_core.verb:set package 'synapse_mesh_bringup' build argument 'cmake_clean_cache' from command line to 'False'
[0.452s] Level 5:colcon.colcon_core.verb:set package 'synapse_mesh_bringup' build argument 'cmake_clean_first' from command line to 'False'
[0.452s] Level 5:colcon.colcon_core.verb:set package 'synapse_mesh_bringup' build argument 'cmake_force_configure' from command line to 'False'
[0.452s] Level 5:colcon.colcon_core.verb:set package 'synapse_mesh_bringup' build argument 'ament_cmake_args' from command line to 'None'
[0.453s] Level 5:colcon.colcon_core.verb:set package 'synapse_mesh_bringup' build argument 'catkin_cmake_args' from command line to 'None'
[0.453s] Level 5:colcon.colcon_core.verb:set package 'synapse_mesh_bringup' build argument 'catkin_skip_building_tests' from command line to 'False'
[0.453s] DEBUG:colcon.colcon_core.verb:Building package 'synapse_mesh_bringup' with the following arguments: {'ament_cmake_args': None, 'build_base': '/home/akil/Desktop/synapse_mesh/build/synapse_mesh_bringup', 'catkin_cmake_args': None, 'catkin_skip_building_tests': False, 'cmake_args': None, 'cmake_clean_cache': False, 'cmake_clean_first': False, 'cmake_force_configure': False, 'cmake_target': None, 'cmake_target_skip_unavailable': False, 'install_base': '/home/akil/Desktop/synapse_mesh/install/synapse_mesh_bringup', 'merge_install': False, 'path': '/home/akil/Desktop/synapse_mesh/scratch_bringup_full', 'symlink_install': False, 'test_result_base': None}
[0.453s] INFO:colcon.colcon_core.executor:Executing jobs using 'parallel' executor
[0.455s] DEBUG:colcon.colcon_parallel_executor.executor.parallel:run_until_complete
[0.455s] INFO:colcon.colcon_ros.task.ament_python.build:Building ROS package in '/home/akil/Desktop/synapse_mesh/scratch_lma_node' with build type 'ament_python'
[0.455s] Level 1:colcon.colcon_core.shell:create_environment_hook('lma_node', 'ament_prefix_path')
[0.457s] INFO:colcon.colcon_core.plugin_system:Skipping extension 'colcon_core.shell.bat': Not used on non-Windows systems
[0.457s] INFO:colcon.colcon_core.shell:Creating environment hook '/home/akil/Desktop/synapse_mesh/install/lma_node/share/lma_node/hook/ament_prefix_path.ps1'
[0.458s] INFO:colcon.colcon_core.shell:Creating environment descriptor '/home/akil/Desktop/synapse_mesh/install/lma_node/share/lma_node/hook/ament_prefix_path.dsv'
[0.459s] INFO:colcon.colcon_core.shell:Creating environment hook '/home/akil/Desktop/synapse_mesh/install/lma_node/share/lma_node/hook/ament_prefix_path.sh'
[0.460s] INFO:colcon.colcon_core.shell:Skip shell extension 'powershell' for command environment: Not usable outside of PowerShell
[0.460s] DEBUG:colcon.colcon_core.shell:Skip shell extension 'dsv' for command environment
[0.466s] INFO:colcon.colcon_ros.task.ament_python.build:Building ROS package in '/home/akil/Desktop/synapse_mesh/scratch_st_lease_node' with build type 'ament_python'
[0.467s] Level 1:colcon.colcon_core.shell:create_environment_hook('st_lease_node', 'ament_prefix_path')
[0.467s] INFO:colcon.colcon_core.shell:Creating environment hook '/home/akil/Desktop/synapse_mesh/install/st_lease_node/share/st_lease_node/hook/ament_prefix_path.ps1'
[0.468s] INFO:colcon.colcon_core.shell:Creating environment descriptor '/home/akil/Desktop/synapse_mesh/install/st_lease_node/share/st_lease_node/hook/ament_prefix_path.dsv'
[0.469s] INFO:colcon.colcon_core.shell:Creating environment hook '/home/akil/Desktop/synapse_mesh/install/st_lease_node/share/st_lease_node/hook/ament_prefix_path.sh'
[0.470s] INFO:colcon.colcon_core.shell:Skip shell extension 'powershell' for command environment: Not usable outside of PowerShell
[0.470s] DEBUG:colcon.colcon_core.shell:Skip shell extension 'dsv' for command environment
[0.476s] INFO:colcon.colcon_ros.task.ament_cmake.build:Building ROS package in '/home/akil/Desktop/synapse_mesh/src/synapse_amr_warehouse' with build type 'ament_cmake'
[0.476s] INFO:colcon.colcon_cmake.task.cmake.build:Building CMake package in '/home/akil/Desktop/synapse_mesh/src/synapse_amr_warehouse'
[0.477s] INFO:colcon.colcon_core.shell:Skip shell extension 'powershell' for command environment: Not usable outside of PowerShell
[0.477s] DEBUG:colcon.colcon_core.shell:Skip shell extension 'dsv' for command environment
[0.483s] INFO:colcon.colcon_ros.task.ament_python.build:Building ROS package in '/home/akil/Desktop/synapse_mesh/scratch_bringup_full' with build type 'ament_python'
[0.483s] Level 1:colcon.colcon_core.shell:create_environment_hook('synapse_mesh_bringup', 'ament_prefix_path')
[0.484s] INFO:colcon.colcon_core.shell:Creating environment hook '/home/akil/Desktop/synapse_mesh/install/synapse_mesh_bringup/share/synapse_mesh_bringup/hook/ament_prefix_path.ps1'
[0.485s] INFO:colcon.colcon_core.shell:Creating environment descriptor '/home/akil/Desktop/synapse_mesh/install/synapse_mesh_bringup/share/synapse_mesh_bringup/hook/ament_prefix_path.dsv'
[0.485s] INFO:colcon.colcon_core.shell:Creating environment hook '/home/akil/Desktop/synapse_mesh/install/synapse_mesh_bringup/share/synapse_mesh_bringup/hook/ament_prefix_path.sh'
[0.487s] INFO:colcon.colcon_core.shell:Skip shell extension 'powershell' for command environment: Not usable outside of PowerShell
[0.487s] DEBUG:colcon.colcon_core.shell:Skip shell extension 'dsv' for command environment
[0.812s] INFO:colcon.colcon_core.task.python.build:Building Python package in '/home/akil/Desktop/synapse_mesh/scratch_lma_node'
[0.813s] INFO:colcon.colcon_core.shell:Skip shell extension 'powershell' for command environment: Not usable outside of PowerShell
[0.814s] DEBUG:colcon.colcon_core.shell:Skip shell extension 'dsv' for command environment
[1.148s] INFO:colcon.colcon_core.task.python.build:Building Python package in '/home/akil/Desktop/synapse_mesh/scratch_st_lease_node'
[1.149s] INFO:colcon.colcon_core.shell:Skip shell extension 'powershell' for command environment: Not usable outside of PowerShell
[1.149s] DEBUG:colcon.colcon_core.shell:Skip shell extension 'dsv' for command environment
[1.158s] DEBUG:colcon.colcon_core.event_handler.log_command:Invoking command in '/home/akil/Desktop/synapse_mesh/build/synapse_amr_warehouse': CMAKE_PREFIX_PATH=/opt/ros/humble /usr/bin/cmake --build /home/akil/Desktop/synapse_mesh/build/synapse_amr_warehouse -- -j12 -l12
[1.491s] INFO:colcon.colcon_core.task.python.build:Building Python package in '/home/akil/Desktop/synapse_mesh/scratch_bringup_full'
[1.491s] INFO:colcon.colcon_core.shell:Skip shell extension 'powershell' for command environment: Not usable outside of PowerShell
[1.492s] DEBUG:colcon.colcon_core.shell:Skip shell extension 'dsv' for command environment
[1.512s] DEBUG:colcon.colcon_core.event_handler.log_command:Invoked command in '/home/akil/Desktop/synapse_mesh/build/synapse_amr_warehouse' returned '0': CMAKE_PREFIX_PATH=/opt/ros/humble /usr/bin/cmake --build /home/akil/Desktop/synapse_mesh/build/synapse_amr_warehouse -- -j12 -l12
[1.527s] DEBUG:colcon.colcon_core.event_handler.log_command:Invoking command in '/home/akil/Desktop/synapse_mesh/build/synapse_amr_warehouse': CMAKE_PREFIX_PATH=/opt/ros/humble /usr/bin/cmake --install /home/akil/Desktop/synapse_mesh/build/synapse_amr_warehouse
[1.579s] Level 1:colcon.colcon_core.environment:create_environment_scripts_only(synapse_amr_warehouse)
[1.583s] Level 1:colcon.colcon_core.environment:checking '/home/akil/Desktop/synapse_mesh/install/synapse_amr_warehouse' for CMake module files
[1.584s] DEBUG:colcon.colcon_core.event_handler.log_command:Invoked command in '/home/akil/Desktop/synapse_mesh/build/synapse_amr_warehouse' returned '0': CMAKE_PREFIX_PATH=/opt/ros/humble /usr/bin/cmake --install /home/akil/Desktop/synapse_mesh/build/synapse_amr_warehouse
[1.585s] Level 1:colcon.colcon_core.environment:checking '/home/akil/Desktop/synapse_mesh/install/synapse_amr_warehouse' for CMake config files
[1.586s] Level 1:colcon.colcon_core.shell:create_environment_hook('synapse_amr_warehouse', 'cmake_prefix_path')
[1.587s] INFO:colcon.colcon_core.shell:Creating environment hook '/home/akil/Desktop/synapse_mesh/install/synapse_amr_warehouse/share/synapse_amr_warehouse/hook/cmake_prefix_path.ps1'
[1.588s] INFO:colcon.colcon_core.shell:Creating environment descriptor '/home/akil/Desktop/synapse_mesh/install/synapse_amr_warehouse/share/synapse_amr_warehouse/hook/cmake_prefix_path.dsv'
[1.588s] INFO:colcon.colcon_core.shell:Creating environment hook '/home/akil/Desktop/synapse_mesh/install/synapse_amr_warehouse/share/synapse_amr_warehouse/hook/cmake_prefix_path.sh'
[1.589s] Level 1:colcon.colcon_core.environment:checking '/home/akil/Desktop/synapse_mesh/install/synapse_amr_warehouse/lib'
[1.589s] Level 1:colcon.colcon_core.environment:checking '/home/akil/Desktop/synapse_mesh/install/synapse_amr_warehouse/bin'
[1.590s] Level 1:colcon.colcon_core.environment:checking '/home/akil/Desktop/synapse_mesh/install/synapse_amr_warehouse/lib/pkgconfig/synapse_amr_warehouse.pc'
[1.590s] Level 1:colcon.colcon_core.environment:checking '/home/akil/Desktop/synapse_mesh/install/synapse_amr_warehouse/lib/python3.10/site-packages'
[1.590s] Level 1:colcon.colcon_core.environment:checking '/home/akil/Desktop/synapse_mesh/install/synapse_amr_warehouse/bin'
[1.591s] INFO:colcon.colcon_core.shell:Creating package script '/home/akil/Desktop/synapse_mesh/install/synapse_amr_warehouse/share/synapse_amr_warehouse/package.ps1'
[1.592s] INFO:colcon.colcon_core.shell:Creating package descriptor '/home/akil/Desktop/synapse_mesh/install/synapse_amr_warehouse/share/synapse_amr_warehouse/package.dsv'
[1.593s] INFO:colcon.colcon_core.shell:Creating package script '/home/akil/Desktop/synapse_mesh/install/synapse_amr_warehouse/share/synapse_amr_warehouse/package.sh'
[1.594s] INFO:colcon.colcon_core.shell:Creating package script '/home/akil/Desktop/synapse_mesh/install/synapse_amr_warehouse/share/synapse_amr_warehouse/package.bash'
[1.594s] INFO:colcon.colcon_core.shell:Creating package script '/home/akil/Desktop/synapse_mesh/install/synapse_amr_warehouse/share/synapse_amr_warehouse/package.zsh'
[1.595s] Level 1:colcon.colcon_core.environment:create_file_with_runtime_dependencies(/home/akil/Desktop/synapse_mesh/install/synapse_amr_warehouse/share/colcon-core/packages/synapse_amr_warehouse)
[1.596s] Level 1:colcon.colcon_core.environment:create_environment_scripts_only(synapse_amr_warehouse)
[1.596s] Level 1:colcon.colcon_core.environment:checking '/home/akil/Desktop/synapse_mesh/install/synapse_amr_warehouse' for CMake module files
[1.597s] Level 1:colcon.colcon_core.environment:checking '/home/akil/Desktop/synapse_mesh/install/synapse_amr_warehouse' for CMake config files
[1.597s] Level 1:colcon.colcon_core.shell:create_environment_hook('synapse_amr_warehouse', 'cmake_prefix_path')
[1.598s] INFO:colcon.colcon_core.shell:Creating environment hook '/home/akil/Desktop/synapse_mesh/install/synapse_amr_warehouse/share/synapse_amr_warehouse/hook/cmake_prefix_path.ps1'
[1.598s] INFO:colcon.colcon_core.shell:Creating environment descriptor '/home/akil/Desktop/synapse_mesh/install/synapse_amr_warehouse/share/synapse_amr_warehouse/hook/cmake_prefix_path.dsv'
[1.599s] INFO:colcon.colcon_core.shell:Creating environment hook '/home/akil/Desktop/synapse_mesh/install/synapse_amr_warehouse/share/synapse_amr_warehouse/hook/cmake_prefix_path.sh'
[1.599s] Level 1:colcon.colcon_core.environment:checking '/home/akil/Desktop/synapse_mesh/install/synapse_amr_warehouse/lib'
[1.600s] Level 1:colcon.colcon_core.environment:checking '/home/akil/Desktop/synapse_mesh/install/synapse_amr_warehouse/bin'
[1.601s] Level 1:colcon.colcon_core.environment:checking '/home/akil/Desktop/synapse_mesh/install/synapse_amr_warehouse/lib/pkgconfig/synapse_amr_warehouse.pc'
[1.601s] Level 1:colcon.colcon_core.environment:checking '/home/akil/Desktop/synapse_mesh/install/synapse_amr_warehouse/lib/python3.10/site-packages'
[1.601s] Level 1:colcon.colcon_core.environment:checking '/home/akil/Desktop/synapse_mesh/install/synapse_amr_warehouse/bin'
[1.601s] INFO:colcon.colcon_core.shell:Creating package script '/home/akil/Desktop/synapse_mesh/install/synapse_amr_warehouse/share/synapse_amr_warehouse/package.ps1'
[1.604s] INFO:colcon.colcon_core.shell:Creating package descriptor '/home/akil/Desktop/synapse_mesh/install/synapse_amr_warehouse/share/synapse_amr_warehouse/package.dsv'
[1.604s] INFO:colcon.colcon_core.shell:Creating package script '/home/akil/Desktop/synapse_mesh/install/synapse_amr_warehouse/share/synapse_amr_warehouse/package.sh'
[1.605s] INFO:colcon.colcon_core.shell:Creating package script '/home/akil/Desktop/synapse_mesh/install/synapse_amr_warehouse/share/synapse_amr_warehouse/package.bash'
[1.605s] INFO:colcon.colcon_core.shell:Creating package script '/home/akil/Desktop/synapse_mesh/install/synapse_amr_warehouse/share/synapse_amr_warehouse/package.zsh'
[1.606s] Level 1:colcon.colcon_core.environment:create_file_with_runtime_dependencies(/home/akil/Desktop/synapse_mesh/install/synapse_amr_warehouse/share/colcon-core/packages/synapse_amr_warehouse)
[2.072s] DEBUG:colcon.colcon_core.task.python.build:Available setuptools commands: install_lib, init_catalog, bdist_egg, build, bdist, build_scripts, clean, register, upload, rotate, update_catalog, build_py, egg_info, setopt, alias, install_headers, symlink_data, saveopts, build_clib, build_ext, bdist_wheel, sdist, install_egg_info, install_data, install_scripts, check, develop, upload_docs, install, easy_install, test, compile_catalog, extract_messages, dist_info, bdist_rpm, bdist_dumb
[2.078s] DEBUG:colcon.colcon_core.event_handler.log_command:Invoking command in '/home/akil/Desktop/synapse_mesh/scratch_lma_node': PYTHONPATH=/home/akil/Desktop/synapse_mesh/build/lma_node/prefix_override:/usr/lib/python3/dist-packages/colcon_core/task/python/colcon_distutils_commands:/home/akil/Desktop/synapse_mesh/install/lma_node/lib/python3.10/site-packages:${PYTHONPATH} /usr/bin/python3 -W ignore:setup.py install is deprecated -W ignore:easy_install command is deprecated setup.py egg_info --egg-base ../build/lma_node build --build-base /home/akil/Desktop/synapse_mesh/build/lma_node/build install --record /home/akil/Desktop/synapse_mesh/build/lma_node/install.log --install-scripts $base/lib/lma_node --single-version-externally-managed install_data
[2.080s] DEBUG:colcon.colcon_core.task.python.build:Available setuptools commands: install_lib, init_catalog, bdist_egg, build, bdist, build_scripts, clean, register, upload, rotate, update_catalog, build_py, egg_info, setopt, alias, install_headers, symlink_data, saveopts, build_clib, build_ext, bdist_wheel, sdist, install_egg_info, install_data, install_scripts, check, develop, upload_docs, install, easy_install, test, compile_catalog, extract_messages, dist_info, bdist_rpm, bdist_dumb
[2.087s] DEBUG:colcon.colcon_core.event_handler.log_command:Invoking command in '/home/akil/Desktop/synapse_mesh/scratch_bringup_full': PYTHONPATH=/home/akil/Desktop/synapse_mesh/build/synapse_mesh_bringup/prefix_override:/usr/lib/python3/dist-packages/colcon_core/task/python/colcon_distutils_commands:/home/akil/Desktop/synapse_mesh/install/synapse_mesh_bringup/lib/python3.10/site-packages:${PYTHONPATH} /usr/bin/python3 -W ignore:setup.py install is deprecated -W ignore:easy_install command is deprecated setup.py egg_info --egg-base ../build/synapse_mesh_bringup build --build-base /home/akil/Desktop/synapse_mesh/build/synapse_mesh_bringup/build install --record /home/akil/Desktop/synapse_mesh/build/synapse_mesh_bringup/install.log --install-scripts $base/lib/synapse_mesh_bringup --single-version-externally-managed install_data
[2.088s] DEBUG:colcon.colcon_core.task.python.build:Available setuptools commands: install_lib, init_catalog, bdist_egg, build, bdist, build_scripts, clean, register, upload, rotate, update_catalog, build_py, egg_info, setopt, alias, install_headers, symlink_data, saveopts, build_clib, build_ext, bdist_wheel, sdist, install_egg_info, install_data, install_scripts, check, develop, upload_docs, install, easy_install, test, compile_catalog, extract_messages, dist_info, bdist_rpm, bdist_dumb
[2.090s] DEBUG:colcon.colcon_core.event_handler.log_command:Invoking command in '/home/akil/Desktop/synapse_mesh/scratch_st_lease_node': PYTHONPATH=/home/akil/Desktop/synapse_mesh/build/st_lease_node/prefix_override:/usr/lib/python3/dist-packages/colcon_core/task/python/colcon_distutils_commands:/home/akil/Desktop/synapse_mesh/install/st_lease_node/lib/python3.10/site-packages:${PYTHONPATH} /usr/bin/python3 -W ignore:setup.py install is deprecated -W ignore:easy_install command is deprecated setup.py egg_info --egg-base ../build/st_lease_node build --build-base /home/akil/Desktop/synapse_mesh/build/st_lease_node/build install --record /home/akil/Desktop/synapse_mesh/build/st_lease_node/install.log --install-scripts $base/lib/st_lease_node --single-version-externally-managed install_data
[2.460s] Level 1:colcon.colcon_core.environment:checking '/home/akil/Desktop/synapse_mesh/install/lma_node' for CMake module files
[2.461s] Level 1:colcon.colcon_core.environment:checking '/home/akil/Desktop/synapse_mesh/install/lma_node' for CMake config files
[2.461s] Level 1:colcon.colcon_core.environment:checking '/home/akil/Desktop/synapse_mesh/install/lma_node/lib'
[2.462s] Level 1:colcon.colcon_core.environment:checking '/home/akil/Desktop/synapse_mesh/install/lma_node/bin'
[2.462s] DEBUG:colcon.colcon_core.event_handler.log_command:Invoked command in '/home/akil/Desktop/synapse_mesh/scratch_lma_node' returned '0': PYTHONPATH=/home/akil/Desktop/synapse_mesh/build/lma_node/prefix_override:/usr/lib/python3/dist-packages/colcon_core/task/python/colcon_distutils_commands:/home/akil/Desktop/synapse_mesh/install/lma_node/lib/python3.10/site-packages:${PYTHONPATH} /usr/bin/python3 -W ignore:setup.py install is deprecated -W ignore:easy_install command is deprecated setup.py egg_info --egg-base ../build/lma_node build --build-base /home/akil/Desktop/synapse_mesh/build/lma_node/build install --record /home/akil/Desktop/synapse_mesh/build/lma_node/install.log --install-scripts $base/lib/lma_node --single-version-externally-managed install_data
[2.462s] Level 1:colcon.colcon_core.environment:checking '/home/akil/Desktop/synapse_mesh/install/lma_node/lib/pkgconfig/lma_node.pc'
[2.463s] Level 1:colcon.colcon_core.environment:checking '/home/akil/Desktop/synapse_mesh/install/lma_node/lib/python3.10/site-packages'
[2.463s] Level 1:colcon.colcon_core.shell:create_environment_hook('lma_node', 'pythonpath')
[2.463s] INFO:colcon.colcon_core.shell:Creating environment hook '/home/akil/Desktop/synapse_mesh/install/lma_node/share/lma_node/hook/pythonpath.ps1'
[2.464s] INFO:colcon.colcon_core.shell:Creating environment descriptor '/home/akil/Desktop/synapse_mesh/install/lma_node/share/lma_node/hook/pythonpath.dsv'
[2.464s] INFO:colcon.colcon_core.shell:Creating environment hook '/home/akil/Desktop/synapse_mesh/install/lma_node/share/lma_node/hook/pythonpath.sh'
[2.465s] Level 1:colcon.colcon_core.environment:checking '/home/akil/Desktop/synapse_mesh/install/lma_node/bin'
[2.465s] Level 1:colcon.colcon_core.environment:create_environment_scripts_only(lma_node)
[2.466s] INFO:colcon.colcon_core.shell:Creating package script '/home/akil/Desktop/synapse_mesh/install/lma_node/share/lma_node/package.ps1'
[2.467s] INFO:colcon.colcon_core.shell:Creating package descriptor '/home/akil/Desktop/synapse_mesh/install/lma_node/share/lma_node/package.dsv'
[2.467s] INFO:colcon.colcon_core.shell:Creating package script '/home/akil/Desktop/synapse_mesh/install/lma_node/share/lma_node/package.sh'
[2.467s] INFO:colcon.colcon_core.shell:Creating package script '/home/akil/Desktop/synapse_mesh/install/lma_node/share/lma_node/package.bash'
[2.468s] INFO:colcon.colcon_core.shell:Creating package script '/home/akil/Desktop/synapse_mesh/install/lma_node/share/lma_node/package.zsh'
[2.468s] Level 1:colcon.colcon_core.environment:create_file_with_runtime_dependencies(/home/akil/Desktop/synapse_mesh/install/lma_node/share/colcon-core/packages/lma_node)
[2.470s] Level 1:colcon.colcon_core.environment:checking '/home/akil/Desktop/synapse_mesh/install/st_lease_node' for CMake module files
[2.471s] Level 1:colcon.colcon_core.environment:checking '/home/akil/Desktop/synapse_mesh/install/st_lease_node' for CMake config files
[2.471s] Level 1:colcon.colcon_core.environment:checking '/home/akil/Desktop/synapse_mesh/install/st_lease_node/lib'
[2.474s] DEBUG:colcon.colcon_core.event_handler.log_command:Invoked command in '/home/akil/Desktop/synapse_mesh/scratch_st_lease_node' returned '0': PYTHONPATH=/home/akil/Desktop/synapse_mesh/build/st_lease_node/prefix_override:/usr/lib/python3/dist-packages/colcon_core/task/python/colcon_distutils_commands:/home/akil/Desktop/synapse_mesh/install/st_lease_node/lib/python3.10/site-packages:${PYTHONPATH} /usr/bin/python3 -W ignore:setup.py install is deprecated -W ignore:easy_install command is deprecated setup.py egg_info --egg-base ../build/st_lease_node build --build-base /home/akil/Desktop/synapse_mesh/build/st_lease_node/build install --record /home/akil/Desktop/synapse_mesh/build/st_lease_node/install.log --install-scripts $base/lib/st_lease_node --single-version-externally-managed install_data
[2.474s] Level 1:colcon.colcon_core.environment:checking '/home/akil/Desktop/synapse_mesh/install/st_lease_node/bin'
[2.475s] Level 1:colcon.colcon_core.environment:checking '/home/akil/Desktop/synapse_mesh/install/st_lease_node/lib/pkgconfig/st_lease_node.pc'
[2.476s] Level 1:colcon.colcon_core.environment:checking '/home/akil/Desktop/synapse_mesh/install/st_lease_node/lib/python3.10/site-packages'
[2.476s] Level 1:colcon.colcon_core.shell:create_environment_hook('st_lease_node', 'pythonpath')
[2.476s] INFO:colcon.colcon_core.shell:Creating environment hook '/home/akil/Desktop/synapse_mesh/install/st_lease_node/share/st_lease_node/hook/pythonpath.ps1'
[2.477s] INFO:colcon.colcon_core.shell:Creating environment descriptor '/home/akil/Desktop/synapse_mesh/install/st_lease_node/share/st_lease_node/hook/pythonpath.dsv'
[2.477s] INFO:colcon.colcon_core.shell:Creating environment hook '/home/akil/Desktop/synapse_mesh/install/st_lease_node/share/st_lease_node/hook/pythonpath.sh'
[2.479s] Level 1:colcon.colcon_core.environment:checking '/home/akil/Desktop/synapse_mesh/install/st_lease_node/bin'
[2.480s] Level 1:colcon.colcon_core.environment:create_environment_scripts_only(st_lease_node)
[2.480s] INFO:colcon.colcon_core.shell:Creating package script '/home/akil/Desktop/synapse_mesh/install/st_lease_node/share/st_lease_node/package.ps1'
[2.481s] INFO:colcon.colcon_core.shell:Creating package descriptor '/home/akil/Desktop/synapse_mesh/install/st_lease_node/share/st_lease_node/package.dsv'
[2.482s] INFO:colcon.colcon_core.shell:Creating package script '/home/akil/Desktop/synapse_mesh/install/st_lease_node/share/st_lease_node/package.sh'
[2.483s] INFO:colcon.colcon_core.shell:Creating package script '/home/akil/Desktop/synapse_mesh/install/st_lease_node/share/st_lease_node/package.bash'
[2.484s] INFO:colcon.colcon_core.shell:Creating package script '/home/akil/Desktop/synapse_mesh/install/st_lease_node/share/st_lease_node/package.zsh'
[2.484s] Level 1:colcon.colcon_core.environment:create_file_with_runtime_dependencies(/home/akil/Desktop/synapse_mesh/install/st_lease_node/share/colcon-core/packages/st_lease_node)
[2.549s] Level 1:colcon.colcon_core.environment:checking '/home/akil/Desktop/synapse_mesh/install/synapse_mesh_bringup' for CMake module files
[2.550s] DEBUG:colcon.colcon_core.event_handler.log_command:Invoked command in '/home/akil/Desktop/synapse_mesh/scratch_bringup_full' returned '0': PYTHONPATH=/home/akil/Desktop/synapse_mesh/build/synapse_mesh_bringup/prefix_override:/usr/lib/python3/dist-packages/colcon_core/task/python/colcon_distutils_commands:/home/akil/Desktop/synapse_mesh/install/synapse_mesh_bringup/lib/python3.10/site-packages:${PYTHONPATH} /usr/bin/python3 -W ignore:setup.py install is deprecated -W ignore:easy_install command is deprecated setup.py egg_info --egg-base ../build/synapse_mesh_bringup build --build-base /home/akil/Desktop/synapse_mesh/build/synapse_mesh_bringup/build install --record /home/akil/Desktop/synapse_mesh/build/synapse_mesh_bringup/install.log --install-scripts $base/lib/synapse_mesh_bringup --single-version-externally-managed install_data
[2.550s] Level 1:colcon.colcon_core.environment:checking '/home/akil/Desktop/synapse_mesh/install/synapse_mesh_bringup' for CMake config files
[2.551s] Level 1:colcon.colcon_core.environment:checking '/home/akil/Desktop/synapse_mesh/install/synapse_mesh_bringup/lib'
[2.551s] Level 1:colcon.colcon_core.environment:checking '/home/akil/Desktop/synapse_mesh/install/synapse_mesh_bringup/bin'
[2.551s] Level 1:colcon.colcon_core.environment:checking '/home/akil/Desktop/synapse_mesh/install/synapse_mesh_bringup/lib/pkgconfig/synapse_mesh_bringup.pc'
[2.551s] Level 1:colcon.colcon_core.environment:checking '/home/akil/Desktop/synapse_mesh/install/synapse_mesh_bringup/lib/python3.10/site-packages'
[2.551s] Level 1:colcon.colcon_core.shell:create_environment_hook('synapse_mesh_bringup', 'pythonpath')
[2.551s] INFO:colcon.colcon_core.shell:Creating environment hook '/home/akil/Desktop/synapse_mesh/install/synapse_mesh_bringup/share/synapse_mesh_bringup/hook/pythonpath.ps1'
[2.552s] INFO:colcon.colcon_core.shell:Creating environment descriptor '/home/akil/Desktop/synapse_mesh/install/synapse_mesh_bringup/share/synapse_mesh_bringup/hook/pythonpath.dsv'
[2.552s] INFO:colcon.colcon_core.shell:Creating environment hook '/home/akil/Desktop/synapse_mesh/install/synapse_mesh_bringup/share/synapse_mesh_bringup/hook/pythonpath.sh'
[2.553s] Level 1:colcon.colcon_core.environment:checking '/home/akil/Desktop/synapse_mesh/install/synapse_mesh_bringup/bin'
[2.553s] Level 1:colcon.colcon_core.environment:create_environment_scripts_only(synapse_mesh_bringup)
[2.554s] INFO:colcon.colcon_core.shell:Creating package script '/home/akil/Desktop/synapse_mesh/install/synapse_mesh_bringup/share/synapse_mesh_bringup/package.ps1'
[2.555s] INFO:colcon.colcon_core.shell:Creating package descriptor '/home/akil/Desktop/synapse_mesh/install/synapse_mesh_bringup/share/synapse_mesh_bringup/package.dsv'
[2.556s] INFO:colcon.colcon_core.shell:Creating package script '/home/akil/Desktop/synapse_mesh/install/synapse_mesh_bringup/share/synapse_mesh_bringup/package.sh'
[2.557s] INFO:colcon.colcon_core.shell:Creating package script '/home/akil/Desktop/synapse_mesh/install/synapse_mesh_bringup/share/synapse_mesh_bringup/package.bash'
[2.557s] INFO:colcon.colcon_core.shell:Creating package script '/home/akil/Desktop/synapse_mesh/install/synapse_mesh_bringup/share/synapse_mesh_bringup/package.zsh'
[2.558s] Level 1:colcon.colcon_core.environment:create_file_with_runtime_dependencies(/home/akil/Desktop/synapse_mesh/install/synapse_mesh_bringup/share/colcon-core/packages/synapse_mesh_bringup)
[2.558s] DEBUG:colcon.colcon_parallel_executor.executor.parallel:closing loop
[2.559s] DEBUG:colcon.colcon_parallel_executor.executor.parallel:loop closed
[2.559s] DEBUG:colcon.colcon_parallel_executor.executor.parallel:run_until_complete finished with '0'
[2.559s] DEBUG:colcon.colcon_core.event_reactor:joining thread
[2.568s] INFO:colcon.colcon_core.plugin_system:Skipping extension 'colcon_notification.desktop_notification.terminal_notifier': Not used on non-Darwin systems
[2.568s] INFO:colcon.colcon_core.plugin_system:Skipping extension 'colcon_notification.desktop_notification.win32': Not used on non-Windows systems
[2.568s] INFO:colcon.colcon_notification.desktop_notification:Sending desktop notification using 'notify2'
[2.595s] DEBUG:colcon.colcon_core.event_reactor:joined thread
[2.596s] INFO:colcon.colcon_core.shell:Creating prefix script '/home/akil/Desktop/synapse_mesh/install/local_setup.ps1'
[2.597s] INFO:colcon.colcon_core.shell:Creating prefix util module '/home/akil/Desktop/synapse_mesh/install/_local_setup_util_ps1.py'
[2.598s] INFO:colcon.colcon_core.shell:Creating prefix chain script '/home/akil/Desktop/synapse_mesh/install/setup.ps1'
[2.599s] INFO:colcon.colcon_core.shell:Creating prefix script '/home/akil/Desktop/synapse_mesh/install/local_setup.sh'
[2.600s] INFO:colcon.colcon_core.shell:Creating prefix util module '/home/akil/Desktop/synapse_mesh/install/_local_setup_util_sh.py'
[2.601s] INFO:colcon.colcon_core.shell:Creating prefix chain script '/home/akil/Desktop/synapse_mesh/install/setup.sh'
[2.602s] INFO:colcon.colcon_core.shell:Creating prefix script '/home/akil/Desktop/synapse_mesh/install/local_setup.bash'
[2.603s] INFO:colcon.colcon_core.shell:Creating prefix chain script '/home/akil/Desktop/synapse_mesh/install/setup.bash'
[2.604s] INFO:colcon.colcon_core.shell:Creating prefix script '/home/akil/Desktop/synapse_mesh/install/local_setup.zsh'
[2.605s] INFO:colcon.colcon_core.shell:Creating prefix chain script '/home/akil/Desktop/synapse_mesh/install/setup.zsh'
