[0.160s] DEBUG:colcon:Command line arguments: ['/usr/bin/colcon', 'build', '--packages-select', 'synapse_amr_warehouse']
[0.161s] DEBUG:colcon:Parsed command line arguments: Namespace(log_base=None, log_level=None, verb_name='build', build_base='build', install_base='install', merge_install=False, symlink_install=False, test_result_base=None, continue_on_error=False, executor='parallel', parallel_workers=12, event_handlers=None, ignore_user_meta=False, metas=['./colcon.meta'], base_paths=['.'], packages_ignore=None, packages_ignore_regex=None, paths=None, packages_up_to=None, packages_up_to_regex=None, packages_above=None, packages_above_and_dependencies=None, packages_above_depth=None, packages_select_by_dep=None, packages_skip_by_dep=None, packages_skip_up_to=None, packages_select_build_failed=False, packages_skip_build_finished=False, packages_select_test_failures=False, packages_skip_test_passed=False, packages_select=['synapse_amr_warehouse'], packages_skip=None, packages_select_regex=None, packages_skip_regex=None, packages_start=None, packages_end=None, allow_overriding=[], cmake_args=None, cmake_target=None, cmake_target_skip_unavailable=False, cmake_clean_cache=False, cmake_clean_first=False, cmake_force_configure=False, ament_cmake_args=None, catkin_cmake_args=None, catkin_skip_building_tests=False, mixin_files=None, mixin=None, verb_parser=<colcon_mixin.mixin.mixin_argument.MixinArgumentDecorator object at 0x783922c6f400>, verb_extension=<colcon_core.verb.build.BuildVerb object at 0x783922c6ea40>, main=<bound method BuildVerb.main of <colcon_core.verb.build.BuildVerb object at 0x783922c6ea40>>, mixin_verb=('build',))
[0.371s] Level 1:colcon.colcon_core.package_discovery:discover_packages(colcon_meta) check parameters
[0.371s] Level 1:colcon.colcon_core.package_discovery:discover_packages(recursive) check parameters
[0.371s] Level 1:colcon.colcon_core.package_discovery:discover_packages(ignore) check parameters
[0.371s] Level 1:colcon.colcon_core.package_discovery:discover_packages(path) check parameters
[0.371s] Level 1:colcon.colcon_core.package_discovery:discover_packages(colcon_meta) discover
[0.371s] Level 1:colcon.colcon_core.package_discovery:discover_packages(recursive) discover
[0.371s] INFO:colcon.colcon_core.package_discovery:Crawling recursively for packages in '/home/akil/Desktop/synapse_mesh'
[0.371s] Level 1:colcon.colcon_core.package_identification:_identify(.) by extensions ['ignore', 'ignore_ament_install']
[0.372s] Level 1:colcon.colcon_core.package_identification:_identify(.) by extension 'ignore'
[0.372s] Level 1:colcon.colcon_core.package_identification:_identify(.) by extension 'ignore_ament_install'
[0.372s] Level 1:colcon.colcon_core.package_identification:_identify(.) by extensions ['colcon_pkg']
[0.372s] Level 1:colcon.colcon_core.package_identification:_identify(.) by extension 'colcon_pkg'
[0.372s] Level 1:colcon.colcon_core.package_identification:_identify(.) by extensions ['colcon_meta']
[0.372s] Level 1:colcon.colcon_core.package_identification:_identify(.) by extension 'colcon_meta'
[0.372s] Level 1:colcon.colcon_core.package_identification:_identify(.) by extensions ['ros']
[0.372s] Level 1:colcon.colcon_core.package_identification:_identify(.) by extension 'ros'
[0.386s] Level 1:colcon.colcon_core.package_identification:_identify(.) by extensions ['cmake', 'python']
[0.386s] Level 1:colcon.colcon_core.package_identification:_identify(.) by extension 'cmake'
[0.386s] Level 1:colcon.colcon_core.package_identification:_identify(.) by extension 'python'
[0.386s] Level 1:colcon.colcon_core.package_identification:_identify(.) by extensions ['python_setup_py']
[0.386s] Level 1:colcon.colcon_core.package_identification:_identify(.) by extension 'python_setup_py'
[0.386s] Level 1:colcon.colcon_core.package_identification:_identify(build) by extensions ['ignore', 'ignore_ament_install']
[0.386s] Level 1:colcon.colcon_core.package_identification:_identify(build) by extension 'ignore'
[0.386s] Level 1:colcon.colcon_core.package_identification:_identify(build) ignored
[0.387s] Level 1:colcon.colcon_core.package_identification:_identify(install) by extensions ['ignore', 'ignore_ament_install']
[0.387s] Level 1:colcon.colcon_core.package_identification:_identify(install) by extension 'ignore'
[0.387s] Level 1:colcon.colcon_core.package_identification:_identify(install) ignored
[0.387s] Level 1:colcon.colcon_core.package_identification:_identify(log) by extensions ['ignore', 'ignore_ament_install']
[0.387s] Level 1:colcon.colcon_core.package_identification:_identify(log) by extension 'ignore'
[0.387s] Level 1:colcon.colcon_core.package_identification:_identify(log) ignored
[0.387s] Level 1:colcon.colcon_core.package_identification:_identify(src) by extensions ['ignore', 'ignore_ament_install']
[0.387s] Level 1:colcon.colcon_core.package_identification:_identify(src) by extension 'ignore'
[0.387s] Level 1:colcon.colcon_core.package_identification:_identify(src) by extension 'ignore_ament_install'
[0.387s] Level 1:colcon.colcon_core.package_identification:_identify(src) by extensions ['colcon_pkg']
[0.387s] Level 1:colcon.colcon_core.package_identification:_identify(src) by extension 'colcon_pkg'
[0.387s] Level 1:colcon.colcon_core.package_identification:_identify(src) by extensions ['colcon_meta']
[0.387s] Level 1:colcon.colcon_core.package_identification:_identify(src) by extension 'colcon_meta'
[0.387s] Level 1:colcon.colcon_core.package_identification:_identify(src) by extensions ['ros']
[0.387s] Level 1:colcon.colcon_core.package_identification:_identify(src) by extension 'ros'
[0.387s] Level 1:colcon.colcon_core.package_identification:_identify(src) by extensions ['cmake', 'python']
[0.387s] Level 1:colcon.colcon_core.package_identification:_identify(src) by extension 'cmake'
[0.387s] Level 1:colcon.colcon_core.package_identification:_identify(src) by extension 'python'
[0.388s] Level 1:colcon.colcon_core.package_identification:_identify(src) by extensions ['python_setup_py']
[0.388s] Level 1:colcon.colcon_core.package_identification:_identify(src) by extension 'python_setup_py'
[0.388s] Level 1:colcon.colcon_core.package_identification:_identify(src/amr_web_dashboard) by extensions ['ignore', 'ignore_ament_install']
[0.388s] Level 1:colcon.colcon_core.package_identification:_identify(src/amr_web_dashboard) by extension 'ignore'
[0.388s] Level 1:colcon.colcon_core.package_identification:_identify(src/amr_web_dashboard) by extension 'ignore_ament_install'
[0.388s] Level 1:colcon.colcon_core.package_identification:_identify(src/amr_web_dashboard) by extensions ['colcon_pkg']
[0.388s] Level 1:colcon.colcon_core.package_identification:_identify(src/amr_web_dashboard) by extension 'colcon_pkg'
[0.388s] Level 1:colcon.colcon_core.package_identification:_identify(src/amr_web_dashboard) by extensions ['colcon_meta']
[0.388s] Level 1:colcon.colcon_core.package_identification:_identify(src/amr_web_dashboard) by extension 'colcon_meta'
[0.388s] Level 1:colcon.colcon_core.package_identification:_identify(src/amr_web_dashboard) by extensions ['ros']
[0.388s] Level 1:colcon.colcon_core.package_identification:_identify(src/amr_web_dashboard) by extension 'ros'
[0.388s] Level 1:colcon.colcon_core.package_identification:_identify(src/amr_web_dashboard) by extensions ['cmake', 'python']
[0.388s] Level 1:colcon.colcon_core.package_identification:_identify(src/amr_web_dashboard) by extension 'cmake'
[0.388s] Level 1:colcon.colcon_core.package_identification:_identify(src/amr_web_dashboard) by extension 'python'
[0.388s] Level 1:colcon.colcon_core.package_identification:_identify(src/amr_web_dashboard) by extensions ['python_setup_py']
[0.388s] Level 1:colcon.colcon_core.package_identification:_identify(src/amr_web_dashboard) by extension 'python_setup_py'
[0.388s] Level 1:colcon.colcon_core.package_identification:_identify(src/synapse_amr_warehouse) by extensions ['ignore', 'ignore_ament_install']
[0.388s] Level 1:colcon.colcon_core.package_identification:_identify(src/synapse_amr_warehouse) by extension 'ignore'
[0.388s] Level 1:colcon.colcon_core.package_identification:_identify(src/synapse_amr_warehouse) by extension 'ignore_ament_install'
[0.388s] Level 1:colcon.colcon_core.package_identification:_identify(src/synapse_amr_warehouse) by extensions ['colcon_pkg']
[0.388s] Level 1:colcon.colcon_core.package_identification:_identify(src/synapse_amr_warehouse) by extension 'colcon_pkg'
[0.388s] Level 1:colcon.colcon_core.package_identification:_identify(src/synapse_amr_warehouse) by extensions ['colcon_meta']
[0.388s] Level 1:colcon.colcon_core.package_identification:_identify(src/synapse_amr_warehouse) by extension 'colcon_meta'
[0.389s] Level 1:colcon.colcon_core.package_identification:_identify(src/synapse_amr_warehouse) by extensions ['ros']
[0.389s] Level 1:colcon.colcon_core.package_identification:_identify(src/synapse_amr_warehouse) by extension 'ros'
[0.392s] DEBUG:colcon.colcon_core.package_identification:Package 'src/synapse_amr_warehouse' with type 'ros.ament_cmake' and name 'synapse_amr_warehouse'
[0.392s] Level 1:colcon.colcon_core.package_discovery:discover_packages(recursive) using defaults
[0.392s] Level 1:colcon.colcon_core.package_discovery:discover_packages(ignore) discover
[0.392s] Level 1:colcon.colcon_core.package_discovery:discover_packages(ignore) using defaults
[0.392s] Level 1:colcon.colcon_core.package_discovery:discover_packages(path) discover
[0.392s] Level 1:colcon.colcon_core.package_discovery:discover_packages(path) using defaults
[0.452s] Level 1:colcon.colcon_core.package_discovery:discover_packages(prefix_path) check parameters
[0.452s] Level 1:colcon.colcon_core.package_discovery:discover_packages(prefix_path) discover
[0.455s] DEBUG:colcon.colcon_installed_package_information.package_discovery:Found 446 installed packages in /opt/ros/humble
[0.458s] Level 1:colcon.colcon_core.package_discovery:discover_packages(prefix_path) using defaults
[0.513s] Level 5:colcon.colcon_core.verb:set package 'synapse_amr_warehouse' build argument 'cmake_args' from command line to 'None'
[0.513s] Level 5:colcon.colcon_core.verb:set package 'synapse_amr_warehouse' build argument 'cmake_target' from command line to 'None'
[0.513s] Level 5:colcon.colcon_core.verb:set package 'synapse_amr_warehouse' build argument 'cmake_target_skip_unavailable' from command line to 'False'
[0.513s] Level 5:colcon.colcon_core.verb:set package 'synapse_amr_warehouse' build argument 'cmake_clean_cache' from command line to 'False'
[0.513s] Level 5:colcon.colcon_core.verb:set package 'synapse_amr_warehouse' build argument 'cmake_clean_first' from command line to 'False'
[0.513s] Level 5:colcon.colcon_core.verb:set package 'synapse_amr_warehouse' build argument 'cmake_force_configure' from command line to 'False'
[0.513s] Level 5:colcon.colcon_core.verb:set package 'synapse_amr_warehouse' build argument 'ament_cmake_args' from command line to 'None'
[0.513s] Level 5:colcon.colcon_core.verb:set package 'synapse_amr_warehouse' build argument 'catkin_cmake_args' from command line to 'None'
[0.513s] Level 5:colcon.colcon_core.verb:set package 'synapse_amr_warehouse' build argument 'catkin_skip_building_tests' from command line to 'False'
[0.513s] DEBUG:colcon.colcon_core.verb:Building package 'synapse_amr_warehouse' with the following arguments: {'ament_cmake_args': None, 'build_base': '/home/akil/Desktop/synapse_mesh/build/synapse_amr_warehouse', 'catkin_cmake_args': None, 'catkin_skip_building_tests': False, 'cmake_args': None, 'cmake_clean_cache': False, 'cmake_clean_first': False, 'cmake_force_configure': False, 'cmake_target': None, 'cmake_target_skip_unavailable': False, 'install_base': '/home/akil/Desktop/synapse_mesh/install/synapse_amr_warehouse', 'merge_install': False, 'path': '/home/akil/Desktop/synapse_mesh/src/synapse_amr_warehouse', 'symlink_install': False, 'test_result_base': None}
[0.513s] INFO:colcon.colcon_core.executor:Executing jobs using 'parallel' executor
[0.515s] DEBUG:colcon.colcon_parallel_executor.executor.parallel:run_until_complete
[0.515s] INFO:colcon.colcon_ros.task.ament_cmake.build:Building ROS package in '/home/akil/Desktop/synapse_mesh/src/synapse_amr_warehouse' with build type 'ament_cmake'
[0.516s] INFO:colcon.colcon_cmake.task.cmake.build:Building CMake package in '/home/akil/Desktop/synapse_mesh/src/synapse_amr_warehouse'
[0.518s] INFO:colcon.colcon_core.plugin_system:Skipping extension 'colcon_core.shell.bat': Not used on non-Windows systems
[0.518s] INFO:colcon.colcon_core.shell:Skip shell extension 'powershell' for command environment: Not usable outside of PowerShell
[0.518s] DEBUG:colcon.colcon_core.shell:Skip shell extension 'dsv' for command environment
[0.543s] DEBUG:colcon.colcon_core.event_handler.log_command:Invoking command in '/home/akil/Desktop/synapse_mesh/build/synapse_amr_warehouse': CMAKE_PREFIX_PATH=/opt/ros/humble /usr/bin/cmake --build /home/akil/Desktop/synapse_mesh/build/synapse_amr_warehouse -- -j12 -l12
[0.615s] DEBUG:colcon.colcon_core.event_handler.log_command:Invoked command in '/home/akil/Desktop/synapse_mesh/build/synapse_amr_warehouse' returned '0': CMAKE_PREFIX_PATH=/opt/ros/humble /usr/bin/cmake --build /home/akil/Desktop/synapse_mesh/build/synapse_amr_warehouse -- -j12 -l12
[0.624s] DEBUG:colcon.colcon_core.event_handler.log_command:Invoking command in '/home/akil/Desktop/synapse_mesh/build/synapse_amr_warehouse': CMAKE_PREFIX_PATH=/opt/ros/humble /usr/bin/cmake --install /home/akil/Desktop/synapse_mesh/build/synapse_amr_warehouse
[0.661s] Level 1:colcon.colcon_core.environment:create_environment_scripts_only(synapse_amr_warehouse)
[0.664s] DEBUG:colcon.colcon_core.event_handler.log_command:Invoked command in '/home/akil/Desktop/synapse_mesh/build/synapse_amr_warehouse' returned '0': CMAKE_PREFIX_PATH=/opt/ros/humble /usr/bin/cmake --install /home/akil/Desktop/synapse_mesh/build/synapse_amr_warehouse
[0.664s] Level 1:colcon.colcon_core.environment:checking '/home/akil/Desktop/synapse_mesh/install/synapse_amr_warehouse' for CMake module files
[0.665s] Level 1:colcon.colcon_core.environment:checking '/home/akil/Desktop/synapse_mesh/install/synapse_amr_warehouse' for CMake config files
[0.666s] Level 1:colcon.colcon_core.shell:create_environment_hook('synapse_amr_warehouse', 'cmake_prefix_path')
[0.666s] INFO:colcon.colcon_core.shell:Creating environment hook '/home/akil/Desktop/synapse_mesh/install/synapse_amr_warehouse/share/synapse_amr_warehouse/hook/cmake_prefix_path.ps1'
[0.668s] INFO:colcon.colcon_core.shell:Creating environment descriptor '/home/akil/Desktop/synapse_mesh/install/synapse_amr_warehouse/share/synapse_amr_warehouse/hook/cmake_prefix_path.dsv'
[0.669s] INFO:colcon.colcon_core.shell:Creating environment hook '/home/akil/Desktop/synapse_mesh/install/synapse_amr_warehouse/share/synapse_amr_warehouse/hook/cmake_prefix_path.sh'
[0.670s] Level 1:colcon.colcon_core.environment:checking '/home/akil/Desktop/synapse_mesh/install/synapse_amr_warehouse/lib'
[0.671s] Level 1:colcon.colcon_core.environment:checking '/home/akil/Desktop/synapse_mesh/install/synapse_amr_warehouse/bin'
[0.671s] Level 1:colcon.colcon_core.environment:checking '/home/akil/Desktop/synapse_mesh/install/synapse_amr_warehouse/lib/pkgconfig/synapse_amr_warehouse.pc'
[0.672s] Level 1:colcon.colcon_core.environment:checking '/home/akil/Desktop/synapse_mesh/install/synapse_amr_warehouse/lib/python3.10/site-packages'
[0.672s] Level 1:colcon.colcon_core.environment:checking '/home/akil/Desktop/synapse_mesh/install/synapse_amr_warehouse/bin'
[0.673s] INFO:colcon.colcon_core.shell:Creating package script '/home/akil/Desktop/synapse_mesh/install/synapse_amr_warehouse/share/synapse_amr_warehouse/package.ps1'
[0.674s] INFO:colcon.colcon_core.shell:Creating package descriptor '/home/akil/Desktop/synapse_mesh/install/synapse_amr_warehouse/share/synapse_amr_warehouse/package.dsv'
[0.675s] INFO:colcon.colcon_core.shell:Creating package script '/home/akil/Desktop/synapse_mesh/install/synapse_amr_warehouse/share/synapse_amr_warehouse/package.sh'
[0.676s] INFO:colcon.colcon_core.shell:Creating package script '/home/akil/Desktop/synapse_mesh/install/synapse_amr_warehouse/share/synapse_amr_warehouse/package.bash'
[0.677s] INFO:colcon.colcon_core.shell:Creating package script '/home/akil/Desktop/synapse_mesh/install/synapse_amr_warehouse/share/synapse_amr_warehouse/package.zsh'
[0.678s] Level 1:colcon.colcon_core.environment:create_file_with_runtime_dependencies(/home/akil/Desktop/synapse_mesh/install/synapse_amr_warehouse/share/colcon-core/packages/synapse_amr_warehouse)
[0.679s] Level 1:colcon.colcon_core.environment:create_environment_scripts_only(synapse_amr_warehouse)
[0.679s] Level 1:colcon.colcon_core.environment:checking '/home/akil/Desktop/synapse_mesh/install/synapse_amr_warehouse' for CMake module files
[0.680s] Level 1:colcon.colcon_core.environment:checking '/home/akil/Desktop/synapse_mesh/install/synapse_amr_warehouse' for CMake config files
[0.680s] Level 1:colcon.colcon_core.shell:create_environment_hook('synapse_amr_warehouse', 'cmake_prefix_path')
[0.681s] INFO:colcon.colcon_core.shell:Creating environment hook '/home/akil/Desktop/synapse_mesh/install/synapse_amr_warehouse/share/synapse_amr_warehouse/hook/cmake_prefix_path.ps1'
[0.681s] INFO:colcon.colcon_core.shell:Creating environment descriptor '/home/akil/Desktop/synapse_mesh/install/synapse_amr_warehouse/share/synapse_amr_warehouse/hook/cmake_prefix_path.dsv'
[0.681s] INFO:colcon.colcon_core.shell:Creating environment hook '/home/akil/Desktop/synapse_mesh/install/synapse_amr_warehouse/share/synapse_amr_warehouse/hook/cmake_prefix_path.sh'
[0.682s] Level 1:colcon.colcon_core.environment:checking '/home/akil/Desktop/synapse_mesh/install/synapse_amr_warehouse/lib'
[0.682s] Level 1:colcon.colcon_core.environment:checking '/home/akil/Desktop/synapse_mesh/install/synapse_amr_warehouse/bin'
[0.682s] Level 1:colcon.colcon_core.environment:checking '/home/akil/Desktop/synapse_mesh/install/synapse_amr_warehouse/lib/pkgconfig/synapse_amr_warehouse.pc'
[0.683s] Level 1:colcon.colcon_core.environment:checking '/home/akil/Desktop/synapse_mesh/install/synapse_amr_warehouse/lib/python3.10/site-packages'
[0.683s] Level 1:colcon.colcon_core.environment:checking '/home/akil/Desktop/synapse_mesh/install/synapse_amr_warehouse/bin'
[0.684s] INFO:colcon.colcon_core.shell:Creating package script '/home/akil/Desktop/synapse_mesh/install/synapse_amr_warehouse/share/synapse_amr_warehouse/package.ps1'
[0.684s] INFO:colcon.colcon_core.shell:Creating package descriptor '/home/akil/Desktop/synapse_mesh/install/synapse_amr_warehouse/share/synapse_amr_warehouse/package.dsv'
[0.685s] INFO:colcon.colcon_core.shell:Creating package script '/home/akil/Desktop/synapse_mesh/install/synapse_amr_warehouse/share/synapse_amr_warehouse/package.sh'
[0.685s] INFO:colcon.colcon_core.shell:Creating package script '/home/akil/Desktop/synapse_mesh/install/synapse_amr_warehouse/share/synapse_amr_warehouse/package.bash'
[0.686s] INFO:colcon.colcon_core.shell:Creating package script '/home/akil/Desktop/synapse_mesh/install/synapse_amr_warehouse/share/synapse_amr_warehouse/package.zsh'
[0.686s] Level 1:colcon.colcon_core.environment:create_file_with_runtime_dependencies(/home/akil/Desktop/synapse_mesh/install/synapse_amr_warehouse/share/colcon-core/packages/synapse_amr_warehouse)
[0.687s] DEBUG:colcon.colcon_parallel_executor.executor.parallel:closing loop
[0.688s] DEBUG:colcon.colcon_parallel_executor.executor.parallel:loop closed
[0.688s] DEBUG:colcon.colcon_parallel_executor.executor.parallel:run_until_complete finished with '0'
[0.688s] DEBUG:colcon.colcon_core.event_reactor:joining thread
[0.696s] INFO:colcon.colcon_core.plugin_system:Skipping extension 'colcon_notification.desktop_notification.terminal_notifier': Not used on non-Darwin systems
[0.696s] INFO:colcon.colcon_core.plugin_system:Skipping extension 'colcon_notification.desktop_notification.win32': Not used on non-Windows systems
[0.697s] INFO:colcon.colcon_notification.desktop_notification:Sending desktop notification using 'notify2'
[0.729s] DEBUG:colcon.colcon_core.event_reactor:joined thread
[0.730s] INFO:colcon.colcon_core.shell:Creating prefix script '/home/akil/Desktop/synapse_mesh/install/local_setup.ps1'
[0.732s] INFO:colcon.colcon_core.shell:Creating prefix util module '/home/akil/Desktop/synapse_mesh/install/_local_setup_util_ps1.py'
[0.734s] INFO:colcon.colcon_core.shell:Creating prefix chain script '/home/akil/Desktop/synapse_mesh/install/setup.ps1'
[0.735s] INFO:colcon.colcon_core.shell:Creating prefix script '/home/akil/Desktop/synapse_mesh/install/local_setup.sh'
[0.736s] INFO:colcon.colcon_core.shell:Creating prefix util module '/home/akil/Desktop/synapse_mesh/install/_local_setup_util_sh.py'
[0.736s] INFO:colcon.colcon_core.shell:Creating prefix chain script '/home/akil/Desktop/synapse_mesh/install/setup.sh'
[0.737s] INFO:colcon.colcon_core.shell:Creating prefix script '/home/akil/Desktop/synapse_mesh/install/local_setup.bash'
[0.738s] INFO:colcon.colcon_core.shell:Creating prefix chain script '/home/akil/Desktop/synapse_mesh/install/setup.bash'
[0.739s] INFO:colcon.colcon_core.shell:Creating prefix script '/home/akil/Desktop/synapse_mesh/install/local_setup.zsh'
[0.739s] INFO:colcon.colcon_core.shell:Creating prefix chain script '/home/akil/Desktop/synapse_mesh/install/setup.zsh'
