[1.665s] Invoking command in '/home/akil/Desktop/synapse_mesh/scratch_lma_node': PYTHONPATH=/home/akil/Desktop/synapse_mesh/build/lma_node/prefix_override:/usr/lib/python3/dist-packages/colcon_core/task/python/colcon_distutils_commands:/home/akil/Desktop/synapse_mesh/install/lma_node/lib/python3.10/site-packages:${PYTHONPATH} /usr/bin/python3 -W ignore:setup.py install is deprecated -W ignore:easy_install command is deprecated setup.py egg_info --egg-base ../build/lma_node build --build-base /home/akil/Desktop/synapse_mesh/build/lma_node/build install --record /home/akil/Desktop/synapse_mesh/build/lma_node/install.log --install-scripts $base/lib/lma_node --single-version-externally-managed install_data
[1.966s] running egg_info
[1.966s] writing ../build/lma_node/lma_node.egg-info/PKG-INFO
[1.968s] writing dependency_links to ../build/lma_node/lma_node.egg-info/dependency_links.txt
[1.969s] writing entry points to ../build/lma_node/lma_node.egg-info/entry_points.txt
[1.969s] writing requirements to ../build/lma_node/lma_node.egg-info/requires.txt
[1.969s] writing top-level names to ../build/lma_node/lma_node.egg-info/top_level.txt
[1.972s] reading manifest file '../build/lma_node/lma_node.egg-info/SOURCES.txt'
[1.972s] writing manifest file '../build/lma_node/lma_node.egg-info/SOURCES.txt'
[1.972s] running build
[1.973s] running build_py
[1.973s] running install
[1.973s] running install_lib
[1.981s] running install_data
[1.981s] running install_egg_info
[1.981s] removing '/home/akil/Desktop/synapse_mesh/install/lma_node/lib/python3.10/site-packages/lma_node-0.0.0-py3.10.egg-info' (and everything under it)
[1.981s] Copying ../build/lma_node/lma_node.egg-info to /home/akil/Desktop/synapse_mesh/install/lma_node/lib/python3.10/site-packages/lma_node-0.0.0-py3.10.egg-info
[1.981s] running install_scripts
[1.999s] Installing lma_node script to /home/akil/Desktop/synapse_mesh/install/lma_node/lib/lma_node
[2.001s] writing list of installed files to '/home/akil/Desktop/synapse_mesh/build/lma_node/install.log'
[2.064s] Invoked command in '/home/akil/Desktop/synapse_mesh/scratch_lma_node' returned '0': PYTHONPATH=/home/akil/Desktop/synapse_mesh/build/lma_node/prefix_override:/usr/lib/python3/dist-packages/colcon_core/task/python/colcon_distutils_commands:/home/akil/Desktop/synapse_mesh/install/lma_node/lib/python3.10/site-packages:${PYTHONPATH} /usr/bin/python3 -W ignore:setup.py install is deprecated -W ignore:easy_install command is deprecated setup.py egg_info --egg-base ../build/lma_node build --build-base /home/akil/Desktop/synapse_mesh/build/lma_node/build install --record /home/akil/Desktop/synapse_mesh/build/lma_node/install.log --install-scripts $base/lib/lma_node --single-version-externally-managed install_data
