running egg_info
creating ../build/st_lease_node/st_lease_node.egg-info
writing ../build/st_lease_node/st_lease_node.egg-info/PKG-INFO
writing dependency_links to ../build/st_lease_node/st_lease_node.egg-info/dependency_links.txt
writing entry points to ../build/st_lease_node/st_lease_node.egg-info/entry_points.txt
writing requirements to ../build/st_lease_node/st_lease_node.egg-info/requires.txt
writing top-level names to ../build/st_lease_node/st_lease_node.egg-info/top_level.txt
writing manifest file '../build/st_lease_node/st_lease_node.egg-info/SOURCES.txt'
reading manifest file '../build/st_lease_node/st_lease_node.egg-info/SOURCES.txt'
writing manifest file '../build/st_lease_node/st_lease_node.egg-info/SOURCES.txt'
running build
running build_py
creating /home/akil/Desktop/synapse_mesh/build/st_lease_node/build
creating /home/akil/Desktop/synapse_mesh/build/st_lease_node/build/lib
creating /home/akil/Desktop/synapse_mesh/build/st_lease_node/build/lib/st_lease_node
copying st_lease_node/__init__.py -> /home/akil/Desktop/synapse_mesh/build/st_lease_node/build/lib/st_lease_node
copying st_lease_node/st_lease_node.py -> /home/akil/Desktop/synapse_mesh/build/st_lease_node/build/lib/st_lease_node
running install
running install_lib
creating /home/akil/Desktop/synapse_mesh/install/st_lease_node/lib/python3.10/site-packages/st_lease_node
copying /home/akil/Desktop/synapse_mesh/build/st_lease_node/build/lib/st_lease_node/__init__.py -> /home/akil/Desktop/synapse_mesh/install/st_lease_node/lib/python3.10/site-packages/st_lease_node
copying /home/akil/Desktop/synapse_mesh/build/st_lease_node/build/lib/st_lease_node/st_lease_node.py -> /home/akil/Desktop/synapse_mesh/install/st_lease_node/lib/python3.10/site-packages/st_lease_node
byte-compiling /home/akil/Desktop/synapse_mesh/install/st_lease_node/lib/python3.10/site-packages/st_lease_node/__init__.py to __init__.cpython-310.pyc
byte-compiling /home/akil/Desktop/synapse_mesh/install/st_lease_node/lib/python3.10/site-packages/st_lease_node/st_lease_node.py to st_lease_node.cpython-310.pyc
running install_data
creating /home/akil/Desktop/synapse_mesh/install/st_lease_node/share/ament_index
creating /home/akil/Desktop/synapse_mesh/install/st_lease_node/share/ament_index/resource_index
creating /home/akil/Desktop/synapse_mesh/install/st_lease_node/share/ament_index/resource_index/packages
copying resource/st_lease_node -> /home/akil/Desktop/synapse_mesh/install/st_lease_node/share/ament_index/resource_index/packages
copying package.xml -> /home/akil/Desktop/synapse_mesh/install/st_lease_node/share/st_lease_node
running install_egg_info
Copying ../build/st_lease_node/st_lease_node.egg-info to /home/akil/Desktop/synapse_mesh/install/st_lease_node/lib/python3.10/site-packages/st_lease_node-0.0.0-py3.10.egg-info
running install_scripts
Installing st_lease_node script to /home/akil/Desktop/synapse_mesh/install/st_lease_node/lib/st_lease_node
writing list of installed files to '/home/akil/Desktop/synapse_mesh/build/st_lease_node/install.log'
