[1.621s] Invoking command in '/home/akil/Desktop/synapse_mesh/scratch_st_lease_node': PYTHONPATH=/home/akil/Desktop/synapse_mesh/build/st_lease_node/prefix_override:/usr/lib/python3/dist-packages/colcon_core/task/python/colcon_distutils_commands:/home/akil/Desktop/synapse_mesh/install/st_lease_node/lib/python3.10/site-packages:${PYTHONPATH} /usr/bin/python3 -W ignore:setup.py install is deprecated -W ignore:easy_install command is deprecated setup.py egg_info --egg-base ../build/st_lease_node build --build-base /home/akil/Desktop/synapse_mesh/build/st_lease_node/build install --record /home/akil/Desktop/synapse_mesh/build/st_lease_node/install.log --install-scripts $base/lib/st_lease_node --single-version-externally-managed install_data
[1.901s] running egg_info
[1.901s] creating ../build/st_lease_node/st_lease_node.egg-info
[1.901s] writing ../build/st_lease_node/st_lease_node.egg-info/PKG-INFO
[1.901s] writing dependency_links to ../build/st_lease_node/st_lease_node.egg-info/dependency_links.txt
[1.901s] writing entry points to ../build/st_lease_node/st_lease_node.egg-info/entry_points.txt
[1.901s] writing requirements to ../build/st_lease_node/st_lease_node.egg-info/requires.txt
[1.901s] writing top-level names to ../build/st_lease_node/st_lease_node.egg-info/top_level.txt
[1.901s] writing manifest file '../build/st_lease_node/st_lease_node.egg-info/SOURCES.txt'
[1.908s] reading manifest file '../build/st_lease_node/st_lease_node.egg-info/SOURCES.txt'
[1.908s] writing manifest file '../build/st_lease_node/st_lease_node.egg-info/SOURCES.txt'
[1.908s] running build
[1.908s] running build_py
[1.908s] creating /home/akil/Desktop/synapse_mesh/build/st_lease_node/build
[1.908s] creating /home/akil/Desktop/synapse_mesh/build/st_lease_node/build/lib
[1.909s] creating /home/akil/Desktop/synapse_mesh/build/st_lease_node/build/lib/st_lease_node
[1.909s] copying st_lease_node/__init__.py -> /home/akil/Desktop/synapse_mesh/build/st_lease_node/build/lib/st_lease_node
[1.909s] copying st_lease_node/st_lease_node.py -> /home/akil/Desktop/synapse_mesh/build/st_lease_node/build/lib/st_lease_node
[1.909s] running install
[1.909s] running install_lib
[1.909s] creating /home/akil/Desktop/synapse_mesh/install/st_lease_node/lib/python3.10/site-packages/st_lease_node
[1.909s] copying /home/akil/Desktop/synapse_mesh/build/st_lease_node/build/lib/st_lease_node/__init__.py -> /home/akil/Desktop/synapse_mesh/install/st_lease_node/lib/python3.10/site-packages/st_lease_node
[1.909s] copying /home/akil/Desktop/synapse_mesh/build/st_lease_node/build/lib/st_lease_node/st_lease_node.py -> /home/akil/Desktop/synapse_mesh/install/st_lease_node/lib/python3.10/site-packages/st_lease_node
[1.909s] byte-compiling /home/akil/Desktop/synapse_mesh/install/st_lease_node/lib/python3.10/site-packages/st_lease_node/__init__.py to __init__.cpython-310.pyc
[1.909s] byte-compiling /home/akil/Desktop/synapse_mesh/install/st_lease_node/lib/python3.10/site-packages/st_lease_node/st_lease_node.py to st_lease_node.cpython-310.pyc
[1.913s] running install_data
[1.913s] creating /home/akil/Desktop/synapse_mesh/install/st_lease_node/share/ament_index
[1.913s] creating /home/akil/Desktop/synapse_mesh/install/st_lease_node/share/ament_index/resource_index
[1.913s] creating /home/akil/Desktop/synapse_mesh/install/st_lease_node/share/ament_index/resource_index/packages
[1.913s] copying resource/st_lease_node -> /home/akil/Desktop/synapse_mesh/install/st_lease_node/share/ament_index/resource_index/packages
[1.913s] copying package.xml -> /home/akil/Desktop/synapse_mesh/install/st_lease_node/share/st_lease_node
[1.913s] running install_egg_info
[1.913s] Copying ../build/st_lease_node/st_lease_node.egg-info to /home/akil/Desktop/synapse_mesh/install/st_lease_node/lib/python3.10/site-packages/st_lease_node-0.0.0-py3.10.egg-info
[1.913s] running install_scripts
[1.937s] Installing st_lease_node script to /home/akil/Desktop/synapse_mesh/install/st_lease_node/lib/st_lease_node
[1.937s] writing list of installed files to '/home/akil/Desktop/synapse_mesh/build/st_lease_node/install.log'
[2.005s] Invoked command in '/home/akil/Desktop/synapse_mesh/scratch_st_lease_node' returned '0': PYTHONPATH=/home/akil/Desktop/synapse_mesh/build/st_lease_node/prefix_override:/usr/lib/python3/dist-packages/colcon_core/task/python/colcon_distutils_commands:/home/akil/Desktop/synapse_mesh/install/st_lease_node/lib/python3.10/site-packages:${PYTHONPATH} /usr/bin/python3 -W ignore:setup.py install is deprecated -W ignore:easy_install command is deprecated setup.py egg_info --egg-base ../build/st_lease_node build --build-base /home/akil/Desktop/synapse_mesh/build/st_lease_node/build install --record /home/akil/Desktop/synapse_mesh/build/st_lease_node/install.log --install-scripts $base/lib/st_lease_node --single-version-externally-managed install_data
