[0.135s] DEBUG:colcon:Command line arguments: ['/usr/bin/colcon', 'build', '--packages-select', 'synapse_amr_warehouse']
[0.135s] DEBUG:colcon:Parsed command line arguments: Namespace(log_base=None, log_level=None, verb_name='build', build_base='build', install_base='install', merge_install=False, symlink_install=False, test_result_base=None, continue_on_error=False, executor='parallel', parallel_workers=12, event_handlers=None, ignore_user_meta=False, metas=['./colcon.meta'], base_paths=['.'], packages_ignore=None, packages_ignore_regex=None, paths=None, packages_up_to=None, packages_up_to_regex=None, packages_above=None, packages_above_and_dependencies=None, packages_above_depth=None, packages_select_by_dep=None, packages_skip_by_dep=None, packages_skip_up_to=None, packages_select_build_failed=False, packages_skip_build_finished=False, packages_select_test_failures=False, packages_skip_test_passed=False, packages_select=['synapse_amr_warehouse'], packages_skip=None, packages_select_regex=None, packages_skip_regex=None, packages_start=None, packages_end=None, allow_overriding=[], cmake_args=None, cmake_target=None, cmake_target_skip_unavailable=False, cmake_clean_cache=False, cmake_clean_first=False, cmake_force_configure=False, ament_cmake_args=None, catkin_cmake_args=None, catkin_skip_building_tests=False, mixin_files=None, mixin=None, verb_parser=<colcon_mixin.mixin.mixin_argument.MixinArgumentDecorator object at 0x77b866e31750>, verb_extension=<colcon_core.verb.build.BuildVerb object at 0x77b866e31150>, main=<bound method BuildVerb.main of <colcon_core.verb.build.BuildVerb object at 0x77b866e31150>>, mixin_verb=('build',))
[0.269s] Level 1:colcon.colcon_core.package_discovery:discover_packages(colcon_meta) check parameters
[0.269s] Level 1:colcon.colcon_core.package_discovery:discover_packages(recursive) check parameters
[0.269s] Level 1:colcon.colcon_core.package_discovery:discover_packages(ignore) check parameters
[0.269s] Level 1:colcon.colcon_core.package_discovery:discover_packages(path) check parameters
[0.269s] Level 1:colcon.colcon_core.package_discovery:discover_packages(colcon_meta) discover
[0.269s] Level 1:colcon.colcon_core.package_discovery:discover_packages(recursive) discover
[0.269s] INFO:colcon.colcon_core.package_discovery:Crawling recursively for packages in '/home/akil/Desktop/synapse_mesh'
[0.270s] Level 1:colcon.colcon_core.package_identification:_identify(.) by extensions ['ignore', 'ignore_ament_install']
[0.270s] Level 1:colcon.colcon_core.package_identification:_identify(.) by extension 'ignore'
[0.270s] Level 1:colcon.colcon_core.package_identification:_identify(.) by extension 'ignore_ament_install'
[0.270s] Level 1:colcon.colcon_core.package_identification:_identify(.) by extensions ['colcon_pkg']
[0.270s] Level 1:colcon.colcon_core.package_identification:_identify(.) by extension 'colcon_pkg'
[0.270s] Level 1:colcon.colcon_core.package_identification:_identify(.) by extensions ['colcon_meta']
[0.270s] Level 1:colcon.colcon_core.package_identification:_identify(.) by extension 'colcon_meta'
[0.270s] Level 1:colcon.colcon_core.package_identification:_identify(.) by extensions ['ros']
[0.270s] Level 1:colcon.colcon_core.package_identification:_identify(.) by extension 'ros'
[0.283s] Level 1:colcon.colcon_core.package_identification:_identify(.) by extensions ['cmake', 'python']
[0.284s] Level 1:colcon.colcon_core.package_identification:_identify(.) by extension 'cmake'
[0.284s] Level 1:colcon.colcon_core.package_identification:_identify(.) by extension 'python'
[0.284s] Level 1:colcon.colcon_core.package_identification:_identify(.) by extensions ['python_setup_py']
[0.284s] Level 1:colcon.colcon_core.package_identification:_identify(.) by extension 'python_setup_py'
[0.284s] Level 1:colcon.colcon_core.package_identification:_identify(build) by extensions ['ignore', 'ignore_ament_install']
[0.284s] Level 1:colcon.colcon_core.package_identification:_identify(build) by extension 'ignore'
[0.284s] Level 1:colcon.colcon_core.package_identification:_identify(build) ignored
[0.284s] Level 1:colcon.colcon_core.package_identification:_identify(install) by extensions ['ignore', 'ignore_ament_install']
[0.284s] Level 1:colcon.colcon_core.package_identification:_identify(install) by extension 'ignore'
[0.284s] Level 1:colcon.colcon_core.package_identification:_identify(install) ignored
[0.284s] Level 1:colcon.colcon_core.package_identification:_identify(log) by extensions ['ignore', 'ignore_ament_install']
[0.284s] Level 1:colcon.colcon_core.package_identification:_identify(log) by extension 'ignore'
[0.285s] Level 1:colcon.colcon_core.package_identification:_identify(log) ignored
[0.285s] Level 1:colcon.colcon_core.package_identification:_identify(scratch_bringup_full) by extensions ['ignore', 'ignore_ament_install']
[0.285s] Level 1:colcon.colcon_core.package_identification:_identify(scratch_bringup_full) by extension 'ignore'
[0.285s] Level 1:colcon.colcon_core.package_identification:_identify(scratch_bringup_full) by extension 'ignore_ament_install'
[0.285s] Level 1:colcon.colcon_core.package_identification:_identify(scratch_bringup_full) by extensions ['colcon_pkg']
[0.285s] Level 1:colcon.colcon_core.package_identification:_identify(scratch_bringup_full) by extension 'colcon_pkg'
[0.285s] Level 1:colcon.colcon_core.package_identification:_identify(scratch_bringup_full) by extensions ['colcon_meta']
[0.285s] Level 1:colcon.colcon_core.package_identification:_identify(scratch_bringup_full) by extension 'colcon_meta'
[0.285s] Level 1:colcon.colcon_core.package_identification:_identify(scratch_bringup_full) by extensions ['ros']
[0.285s] Level 1:colcon.colcon_core.package_identification:_identify(scratch_bringup_full) by extension 'ros'
[0.292s] DEBUG:colcon.colcon_core.package_identification:Package 'scratch_bringup_full' with type 'ros.ament_python' and name 'synapse_mesh_bringup'
[0.292s] Level 1:colcon.colcon_core.package_identification:_identify(scratch_lma_node) by extensions ['ignore', 'ignore_ament_install']
[0.293s] Level 1:colcon.colcon_core.package_identification:_identify(scratch_lma_node) by extension 'ignore'
[0.293s] Level 1:colcon.colcon_core.package_identification:_identify(scratch_lma_node) by extension 'ignore_ament_install'
[0.293s] Level 1:colcon.colcon_core.package_identification:_identify(scratch_lma_node) by extensions ['colcon_pkg']
[0.293s] Level 1:colcon.colcon_core.package_identification:_identify(scratch_lma_node) by extension 'colcon_pkg'
[0.293s] Level 1:colcon.colcon_core.package_identification:_identify(scratch_lma_node) by extensions ['colcon_meta']
[0.293s] Level 1:colcon.colcon_core.package_identification:_identify(scratch_lma_node) by extension 'colcon_meta'
[0.293s] Level 1:colcon.colcon_core.package_identification:_identify(scratch_lma_node) by extensions ['ros']
[0.293s] Level 1:colcon.colcon_core.package_identification:_identify(scratch_lma_node) by extension 'ros'
[0.294s] DEBUG:colcon.colcon_core.package_identification:Package 'scratch_lma_node' with type 'ros.ament_python' and name 'lma_node'
[0.294s] Level 1:colcon.colcon_core.package_identification:_identify(scratch_st_lease_node) by extensions ['ignore', 'ignore_ament_install']
[0.294s] Level 1:colcon.colcon_core.package_identification:_identify(scratch_st_lease_node) by extension 'ignore'
[0.294s] Level 1:colcon.colcon_core.package_identification:_identify(scratch_st_lease_node) by extension 'ignore_ament_install'
[0.294s] Level 1:colcon.colcon_core.package_identification:_identify(scratch_st_lease_node) by extensions ['colcon_pkg']
[0.294s] Level 1:colcon.colcon_core.package_identification:_identify(scratch_st_lease_node) by extension 'colcon_pkg'
[0.294s] Level 1:colcon.colcon_core.package_identification:_identify(scratch_st_lease_node) by extensions ['colcon_meta']
[0.294s] Level 1:colcon.colcon_core.package_identification:_identify(scratch_st_lease_node) by extension 'colcon_meta'
[0.294s] Level 1:colcon.colcon_core.package_identification:_identify(scratch_st_lease_node) by extensions ['ros']
[0.294s] Level 1:colcon.colcon_core.package_identification:_identify(scratch_st_lease_node) by extension 'ros'
[0.295s] DEBUG:colcon.colcon_core.package_identification:Package 'scratch_st_lease_node' with type 'ros.ament_python' and name 'st_lease_node'
[0.295s] Level 1:colcon.colcon_core.package_identification:_identify(scratch_synapse_mesh_bringup) by extensions ['ignore', 'ignore_ament_install']
[0.295s] Level 1:colcon.colcon_core.package_identification:_identify(scratch_synapse_mesh_bringup) by extension 'ignore'
[0.295s] Level 1:colcon.colcon_core.package_identification:_identify(scratch_synapse_mesh_bringup) by extension 'ignore_ament_install'
[0.295s] Level 1:colcon.colcon_core.package_identification:_identify(scratch_synapse_mesh_bringup) by extensions ['colcon_pkg']
[0.295s] Level 1:colcon.colcon_core.package_identification:_identify(scratch_synapse_mesh_bringup) by extension 'colcon_pkg'
[0.295s] Level 1:colcon.colcon_core.package_identification:_identify(scratch_synapse_mesh_bringup) by extensions ['colcon_meta']
[0.295s] Level 1:colcon.colcon_core.package_identification:_identify(scratch_synapse_mesh_bringup) by extension 'colcon_meta'
[0.295s] Level 1:colcon.colcon_core.package_identification:_identify(scratch_synapse_mesh_bringup) by extensions ['ros']
[0.295s] Level 1:colcon.colcon_core.package_identification:_identify(scratch_synapse_mesh_bringup) by extension 'ros'
[0.295s] Level 1:colcon.colcon_core.package_identification:_identify(scratch_synapse_mesh_bringup) by extensions ['cmake', 'python']
[0.295s] Level 1:colcon.colcon_core.package_identification:_identify(scratch_synapse_mesh_bringup) by extension 'cmake'
[0.295s] Level 1:colcon.colcon_core.package_identification:_identify(scratch_synapse_mesh_bringup) by extension 'python'
[0.295s] Level 1:colcon.colcon_core.package_identification:_identify(scratch_synapse_mesh_bringup) by extensions ['python_setup_py']
[0.295s] Level 1:colcon.colcon_core.package_identification:_identify(scratch_synapse_mesh_bringup) by extension 'python_setup_py'
[0.295s] Level 1:colcon.colcon_core.package_identification:_identify(scratch_synapse_mesh_bringup/__pycache__) by extensions ['ignore', 'ignore_ament_install']
[0.295s] Level 1:colcon.colcon_core.package_identification:_identify(scratch_synapse_mesh_bringup/__pycache__) by extension 'ignore'
[0.296s] Level 1:colcon.colcon_core.package_identification:_identify(scratch_synapse_mesh_bringup/__pycache__) by extension 'ignore_ament_install'
[0.296s] Level 1:colcon.colcon_core.package_identification:_identify(scratch_synapse_mesh_bringup/__pycache__) by extensions ['colcon_pkg']
[0.296s] Level 1:colcon.colcon_core.package_identification:_identify(scratch_synapse_mesh_bringup/__pycache__) by extension 'colcon_pkg'
[0.296s] Level 1:colcon.colcon_core.package_identification:_identify(scratch_synapse_mesh_bringup/__pycache__) by extensions ['colcon_meta']
[0.296s] Level 1:colcon.colcon_core.package_identification:_identify(scratch_synapse_mesh_bringup/__pycache__) by extension 'colcon_meta'
[0.296s] Level 1:colcon.colcon_core.package_identification:_identify(scratch_synapse_mesh_bringup/__pycache__) by extensions ['ros']
[0.296s] Level 1:colcon.colcon_core.package_identification:_identify(scratch_synapse_mesh_bringup/__pycache__) by extension 'ros'
[0.296s] Level 1:colcon.colcon_core.package_identification:_identify(scratch_synapse_mesh_bringup/__pycache__) by extensions ['cmake', 'python']
[0.296s] Level 1:colcon.colcon_core.package_identification:_identify(scratch_synapse_mesh_bringup/__pycache__) by extension 'cmake'
[0.296s] Level 1:colcon.colcon_core.package_identification:_identify(scratch_synapse_mesh_bringup/__pycache__) by extension 'python'
[0.296s] Level 1:colcon.colcon_core.package_identification:_identify(scratch_synapse_mesh_bringup/__pycache__) by extensions ['python_setup_py']
[0.296s] Level 1:colcon.colcon_core.package_identification:_identify(scratch_synapse_mesh_bringup/__pycache__) by extension 'python_setup_py'
[0.296s] Level 1:colcon.colcon_core.package_identification:_identify(src) by extensions ['ignore', 'ignore_ament_install']
[0.296s] Level 1:colcon.colcon_core.package_identification:_identify(src) by extension 'ignore'
[0.296s] Level 1:colcon.colcon_core.package_identification:_identify(src) by extension 'ignore_ament_install'
[0.296s] Level 1:colcon.colcon_core.package_identification:_identify(src) by extensions ['colcon_pkg']
[0.296s] Level 1:colcon.colcon_core.package_identification:_identify(src) by extension 'colcon_pkg'
[0.296s] Level 1:colcon.colcon_core.package_identification:_identify(src) by extensions ['colcon_meta']
[0.296s] Level 1:colcon.colcon_core.package_identification:_identify(src) by extension 'colcon_meta'
[0.296s] Level 1:colcon.colcon_core.package_identification:_identify(src) by extensions ['ros']
[0.296s] Level 1:colcon.colcon_core.package_identification:_identify(src) by extension 'ros'
[0.296s] Level 1:colcon.colcon_core.package_identification:_identify(src) by extensions ['cmake', 'python']
[0.296s] Level 1:colcon.colcon_core.package_identification:_identify(src) by extension 'cmake'
[0.296s] Level 1:colcon.colcon_core.package_identification:_identify(src) by extension 'python'
[0.296s] Level 1:colcon.colcon_core.package_identification:_identify(src) by extensions ['python_setup_py']
[0.296s] Level 1:colcon.colcon_core.package_identification:_identify(src) by extension 'python_setup_py'
[0.296s] Level 1:colcon.colcon_core.package_identification:_identify(src/amr_web_dashboard) by extensions ['ignore', 'ignore_ament_install']
[0.296s] Level 1:colcon.colcon_core.package_identification:_identify(src/amr_web_dashboard) by extension 'ignore'
[0.297s] Level 1:colcon.colcon_core.package_identification:_identify(src/amr_web_dashboard) by extension 'ignore_ament_install'
[0.297s] Level 1:colcon.colcon_core.package_identification:_identify(src/amr_web_dashboard) by extensions ['colcon_pkg']
[0.297s] Level 1:colcon.colcon_core.package_identification:_identify(src/amr_web_dashboard) by extension 'colcon_pkg'
[0.297s] Level 1:colcon.colcon_core.package_identification:_identify(src/amr_web_dashboard) by extensions ['colcon_meta']
[0.297s] Level 1:colcon.colcon_core.package_identification:_identify(src/amr_web_dashboard) by extension 'colcon_meta'
[0.297s] Level 1:colcon.colcon_core.package_identification:_identify(src/amr_web_dashboard) by extensions ['ros']
[0.297s] Level 1:colcon.colcon_core.package_identification:_identify(src/amr_web_dashboard) by extension 'ros'
[0.297s] Level 1:colcon.colcon_core.package_identification:_identify(src/amr_web_dashboard) by extensions ['cmake', 'python']
[0.297s] Level 1:colcon.colcon_core.package_identification:_identify(src/amr_web_dashboard) by extension 'cmake'
[0.297s] Level 1:colcon.colcon_core.package_identification:_identify(src/amr_web_dashboard) by extension 'python'
[0.297s] Level 1:colcon.colcon_core.package_identification:_identify(src/amr_web_dashboard) by extensions ['python_setup_py']
[0.297s] Level 1:colcon.colcon_core.package_identification:_identify(src/amr_web_dashboard) by extension 'python_setup_py'
[0.297s] Level 1:colcon.colcon_core.package_identification:_identify(src/synapse_amr_warehouse) by extensions ['ignore', 'ignore_ament_install']
[0.297s] Level 1:colcon.colcon_core.package_identification:_identify(src/synapse_amr_warehouse) by extension 'ignore'
[0.297s] Level 1:colcon.colcon_core.package_identification:_identify(src/synapse_amr_warehouse) by extension 'ignore_ament_install'
[0.297s] Level 1:colcon.colcon_core.package_identification:_identify(src/synapse_amr_warehouse) by extensions ['colcon_pkg']
[0.297s] Level 1:colcon.colcon_core.package_identification:_identify(src/synapse_amr_warehouse) by extension 'colcon_pkg'
[0.297s] Level 1:colcon.colcon_core.package_identification:_identify(src/synapse_amr_warehouse) by extensions ['colcon_meta']
[0.297s] Level 1:colcon.colcon_core.package_identification:_identify(src/synapse_amr_warehouse) by extension 'colcon_meta'
[0.297s] Level 1:colcon.colcon_core.package_identification:_identify(src/synapse_amr_warehouse) by extensions ['ros']
[0.297s] Level 1:colcon.colcon_core.package_identification:_identify(src/synapse_amr_warehouse) by extension 'ros'
[0.298s] DEBUG:colcon.colcon_core.package_identification:Package 'src/synapse_amr_warehouse' with type 'ros.ament_cmake' and name 'synapse_amr_warehouse'
[0.298s] Level 1:colcon.colcon_core.package_discovery:discover_packages(recursive) using defaults
[0.298s] Level 1:colcon.colcon_core.package_discovery:discover_packages(ignore) discover
[0.298s] Level 1:colcon.colcon_core.package_discovery:discover_packages(ignore) using defaults
[0.298s] Level 1:colcon.colcon_core.package_discovery:discover_packages(path) discover
[0.298s] Level 1:colcon.colcon_core.package_discovery:discover_packages(path) using defaults
[0.324s] INFO:colcon.colcon_core.package_selection:Skipping not selected package 'lma_node' in 'scratch_lma_node'
[0.324s] INFO:colcon.colcon_core.package_selection:Skipping not selected package 'st_lease_node' in 'scratch_st_lease_node'
[0.324s] INFO:colcon.colcon_core.package_selection:Skipping not selected package 'synapse_mesh_bringup' in 'scratch_bringup_full'
[0.325s] Level 1:colcon.colcon_core.package_discovery:discover_packages(prefix_path) check parameters
[0.325s] Level 1:colcon.colcon_core.package_discovery:discover_packages(prefix_path) discover
[0.327s] Level 1:colcon.colcon_core.package_discovery:discover_packages(prefix_path) using defaults
[0.328s] Level 5:colcon.colcon_core.verb:set package 'synapse_amr_warehouse' build argument 'cmake_args' from command line to 'None'
[0.328s] Level 5:colcon.colcon_core.verb:set package 'synapse_amr_warehouse' build argument 'cmake_target' from command line to 'None'
[0.328s] Level 5:colcon.colcon_core.verb:set package 'synapse_amr_warehouse' build argument 'cmake_target_skip_unavailable' from command line to 'False'
[0.328s] Level 5:colcon.colcon_core.verb:set package 'synapse_amr_warehouse' build argument 'cmake_clean_cache' from command line to 'False'
[0.328s] Level 5:colcon.colcon_core.verb:set package 'synapse_amr_warehouse' build argument 'cmake_clean_first' from command line to 'False'
[0.328s] Level 5:colcon.colcon_core.verb:set package 'synapse_amr_warehouse' build argument 'cmake_force_configure' from command line to 'False'
[0.328s] Level 5:colcon.colcon_core.verb:set package 'synapse_amr_warehouse' build argument 'ament_cmake_args' from command line to 'None'
[0.328s] Level 5:colcon.colcon_core.verb:set package 'synapse_amr_warehouse' build argument 'catkin_cmake_args' from command line to 'None'
[0.328s] Level 5:colcon.colcon_core.verb:set package 'synapse_amr_warehouse' build argument 'catkin_skip_building_tests' from command line to 'False'
[0.328s] DEBUG:colcon.colcon_core.verb:Building package 'synapse_amr_warehouse' with the following arguments: {'ament_cmake_args': None, 'build_base': '/home/akil/Desktop/synapse_mesh/build/synapse_amr_warehouse', 'catkin_cmake_args': None, 'catkin_skip_building_tests': False, 'cmake_args': None, 'cmake_clean_cache': False, 'cmake_clean_first': False, 'cmake_force_configure': False, 'cmake_target': None, 'cmake_target_skip_unavailable': False, 'install_base': '/home/akil/Desktop/synapse_mesh/install/synapse_amr_warehouse', 'merge_install': False, 'path': '/home/akil/Desktop/synapse_mesh/src/synapse_amr_warehouse', 'symlink_install': False, 'test_result_base': None}
[0.328s] INFO:colcon.colcon_core.executor:Executing jobs using 'parallel' executor
[0.330s] DEBUG:colcon.colcon_parallel_executor.executor.parallel:run_until_complete
[0.330s] INFO:colcon.colcon_ros.task.ament_cmake.build:Building ROS package in '/home/akil/Desktop/synapse_mesh/src/synapse_amr_warehouse' with build type 'ament_cmake'
[0.330s] INFO:colcon.colcon_cmake.task.cmake.build:Building CMake package in '/home/akil/Desktop/synapse_mesh/src/synapse_amr_warehouse'
[0.333s] INFO:colcon.colcon_core.plugin_system:Skipping extension 'colcon_core.shell.bat': Not used on non-Windows systems
[0.333s] INFO:colcon.colcon_core.shell:Skip shell extension 'powershell' for command environment: Not usable outside of PowerShell
[0.333s] DEBUG:colcon.colcon_core.shell:Skip shell extension 'dsv' for command environment
[0.353s] DEBUG:colcon.colcon_core.event_handler.log_command:Invoking command in '/home/akil/Desktop/synapse_mesh/build/synapse_amr_warehouse': /usr/bin/cmake --build /home/akil/Desktop/synapse_mesh/build/synapse_amr_warehouse -- -j12 -l12
[0.412s] DEBUG:colcon.colcon_core.event_handler.log_command:Invoked command in '/home/akil/Desktop/synapse_mesh/build/synapse_amr_warehouse' returned '0': /usr/bin/cmake --build /home/akil/Desktop/synapse_mesh/build/synapse_amr_warehouse -- -j12 -l12
[0.432s] DEBUG:colcon.colcon_core.event_handler.log_command:Invoking command in '/home/akil/Desktop/synapse_mesh/build/synapse_amr_warehouse': /usr/bin/cmake --install /home/akil/Desktop/synapse_mesh/build/synapse_amr_warehouse
[0.465s] Level 1:colcon.colcon_core.environment:create_environment_scripts_only(synapse_amr_warehouse)
[0.466s] DEBUG:colcon.colcon_core.event_handler.log_command:Invoked command in '/home/akil/Desktop/synapse_mesh/build/synapse_amr_warehouse' returned '0': /usr/bin/cmake --install /home/akil/Desktop/synapse_mesh/build/synapse_amr_warehouse
[0.469s] Level 1:colcon.colcon_core.environment:checking '/home/akil/Desktop/synapse_mesh/install/synapse_amr_warehouse' for CMake module files
[0.470s] Level 1:colcon.colcon_core.environment:checking '/home/akil/Desktop/synapse_mesh/install/synapse_amr_warehouse' for CMake config files
[0.470s] Level 1:colcon.colcon_core.shell:create_environment_hook('synapse_amr_warehouse', 'cmake_prefix_path')
[0.471s] INFO:colcon.colcon_core.shell:Creating environment hook '/home/akil/Desktop/synapse_mesh/install/synapse_amr_warehouse/share/synapse_amr_warehouse/hook/cmake_prefix_path.ps1'
[0.472s] INFO:colcon.colcon_core.shell:Creating environment descriptor '/home/akil/Desktop/synapse_mesh/install/synapse_amr_warehouse/share/synapse_amr_warehouse/hook/cmake_prefix_path.dsv'
[0.473s] INFO:colcon.colcon_core.shell:Creating environment hook '/home/akil/Desktop/synapse_mesh/install/synapse_amr_warehouse/share/synapse_amr_warehouse/hook/cmake_prefix_path.sh'
[0.475s] Level 1:colcon.colcon_core.environment:checking '/home/akil/Desktop/synapse_mesh/install/synapse_amr_warehouse/lib'
[0.475s] Level 1:colcon.colcon_core.environment:checking '/home/akil/Desktop/synapse_mesh/install/synapse_amr_warehouse/bin'
[0.475s] Level 1:colcon.colcon_core.environment:checking '/home/akil/Desktop/synapse_mesh/install/synapse_amr_warehouse/lib/pkgconfig/synapse_amr_warehouse.pc'
[0.478s] Level 1:colcon.colcon_core.environment:checking '/home/akil/Desktop/synapse_mesh/install/synapse_amr_warehouse/lib/python3.10/site-packages'
[0.479s] Level 1:colcon.colcon_core.environment:checking '/home/akil/Desktop/synapse_mesh/install/synapse_amr_warehouse/bin'
[0.479s] INFO:colcon.colcon_core.shell:Creating package script '/home/akil/Desktop/synapse_mesh/install/synapse_amr_warehouse/share/synapse_amr_warehouse/package.ps1'
[0.481s] INFO:colcon.colcon_core.shell:Creating package descriptor '/home/akil/Desktop/synapse_mesh/install/synapse_amr_warehouse/share/synapse_amr_warehouse/package.dsv'
[0.482s] INFO:colcon.colcon_core.shell:Creating package script '/home/akil/Desktop/synapse_mesh/install/synapse_amr_warehouse/share/synapse_amr_warehouse/package.sh'
[0.483s] INFO:colcon.colcon_core.shell:Creating package script '/home/akil/Desktop/synapse_mesh/install/synapse_amr_warehouse/share/synapse_amr_warehouse/package.bash'
[0.484s] INFO:colcon.colcon_core.shell:Creating package script '/home/akil/Desktop/synapse_mesh/install/synapse_amr_warehouse/share/synapse_amr_warehouse/package.zsh'
[0.485s] Level 1:colcon.colcon_core.environment:create_file_with_runtime_dependencies(/home/akil/Desktop/synapse_mesh/install/synapse_amr_warehouse/share/colcon-core/packages/synapse_amr_warehouse)
[0.486s] Level 1:colcon.colcon_core.environment:create_environment_scripts_only(synapse_amr_warehouse)
[0.487s] Level 1:colcon.colcon_core.environment:checking '/home/akil/Desktop/synapse_mesh/install/synapse_amr_warehouse' for CMake module files
[0.487s] Level 1:colcon.colcon_core.environment:checking '/home/akil/Desktop/synapse_mesh/install/synapse_amr_warehouse' for CMake config files
[0.488s] Level 1:colcon.colcon_core.shell:create_environment_hook('synapse_amr_warehouse', 'cmake_prefix_path')
[0.488s] INFO:colcon.colcon_core.shell:Creating environment hook '/home/akil/Desktop/synapse_mesh/install/synapse_amr_warehouse/share/synapse_amr_warehouse/hook/cmake_prefix_path.ps1'
[0.489s] INFO:colcon.colcon_core.shell:Creating environment descriptor '/home/akil/Desktop/synapse_mesh/install/synapse_amr_warehouse/share/synapse_amr_warehouse/hook/cmake_prefix_path.dsv'
[0.489s] INFO:colcon.colcon_core.shell:Creating environment hook '/home/akil/Desktop/synapse_mesh/install/synapse_amr_warehouse/share/synapse_amr_warehouse/hook/cmake_prefix_path.sh'
[0.490s] Level 1:colcon.colcon_core.environment:checking '/home/akil/Desktop/synapse_mesh/install/synapse_amr_warehouse/lib'
[0.490s] Level 1:colcon.colcon_core.environment:checking '/home/akil/Desktop/synapse_mesh/install/synapse_amr_warehouse/bin'
[0.490s] Level 1:colcon.colcon_core.environment:checking '/home/akil/Desktop/synapse_mesh/install/synapse_amr_warehouse/lib/pkgconfig/synapse_amr_warehouse.pc'
[0.490s] Level 1:colcon.colcon_core.environment:checking '/home/akil/Desktop/synapse_mesh/install/synapse_amr_warehouse/lib/python3.10/site-packages'
[0.491s] Level 1:colcon.colcon_core.environment:checking '/home/akil/Desktop/synapse_mesh/install/synapse_amr_warehouse/bin'
[0.491s] INFO:colcon.colcon_core.shell:Creating package script '/home/akil/Desktop/synapse_mesh/install/synapse_amr_warehouse/share/synapse_amr_warehouse/package.ps1'
[0.492s] INFO:colcon.colcon_core.shell:Creating package descriptor '/home/akil/Desktop/synapse_mesh/install/synapse_amr_warehouse/share/synapse_amr_warehouse/package.dsv'
[0.493s] INFO:colcon.colcon_core.shell:Creating package script '/home/akil/Desktop/synapse_mesh/install/synapse_amr_warehouse/share/synapse_amr_warehouse/package.sh'
[0.493s] INFO:colcon.colcon_core.shell:Creating package script '/home/akil/Desktop/synapse_mesh/install/synapse_amr_warehouse/share/synapse_amr_warehouse/package.bash'
[0.494s] INFO:colcon.colcon_core.shell:Creating package script '/home/akil/Desktop/synapse_mesh/install/synapse_amr_warehouse/share/synapse_amr_warehouse/package.zsh'
[0.494s] Level 1:colcon.colcon_core.environment:create_file_with_runtime_dependencies(/home/akil/Desktop/synapse_mesh/install/synapse_amr_warehouse/share/colcon-core/packages/synapse_amr_warehouse)
[0.495s] DEBUG:colcon.colcon_parallel_executor.executor.parallel:closing loop
[0.496s] DEBUG:colcon.colcon_parallel_executor.executor.parallel:loop closed
[0.496s] DEBUG:colcon.colcon_parallel_executor.executor.parallel:run_until_complete finished with '0'
[0.496s] DEBUG:colcon.colcon_core.event_reactor:joining thread
[0.506s] INFO:colcon.colcon_core.plugin_system:Skipping extension 'colcon_notification.desktop_notification.terminal_notifier': Not used on non-Darwin systems
[0.506s] INFO:colcon.colcon_core.plugin_system:Skipping extension 'colcon_notification.desktop_notification.win32': Not used on non-Windows systems
[0.506s] INFO:colcon.colcon_notification.desktop_notification:Sending desktop notification using 'notify2'
[0.527s] DEBUG:colcon.colcon_core.event_reactor:joined thread
[0.528s] INFO:colcon.colcon_core.shell:Creating prefix script '/home/akil/Desktop/synapse_mesh/install/local_setup.ps1'
[0.530s] INFO:colcon.colcon_core.shell:Creating prefix util module '/home/akil/Desktop/synapse_mesh/install/_local_setup_util_ps1.py'
[0.564s] INFO:colcon.colcon_core.shell:Creating prefix chain script '/home/akil/Desktop/synapse_mesh/install/setup.ps1'
[0.566s] INFO:colcon.colcon_core.shell:Creating prefix script '/home/akil/Desktop/synapse_mesh/install/local_setup.sh'
[0.567s] INFO:colcon.colcon_core.shell:Creating prefix util module '/home/akil/Desktop/synapse_mesh/install/_local_setup_util_sh.py'
[0.568s] INFO:colcon.colcon_core.shell:Creating prefix chain script '/home/akil/Desktop/synapse_mesh/install/setup.sh'
[0.570s] INFO:colcon.colcon_core.shell:Creating prefix script '/home/akil/Desktop/synapse_mesh/install/local_setup.bash'
[0.570s] INFO:colcon.colcon_core.shell:Creating prefix chain script '/home/akil/Desktop/synapse_mesh/install/setup.bash'
[0.572s] INFO:colcon.colcon_core.shell:Creating prefix script '/home/akil/Desktop/synapse_mesh/install/local_setup.zsh'
[0.572s] INFO:colcon.colcon_core.shell:Creating prefix chain script '/home/akil/Desktop/synapse_mesh/install/setup.zsh'
