[1.666s] Invoking command in '/home/akil/Desktop/synapse_mesh/scratch_bringup_full': PYTHONPATH=/home/akil/Desktop/synapse_mesh/build/synapse_mesh_bringup/prefix_override:/usr/lib/python3/dist-packages/colcon_core/task/python/colcon_distutils_commands:/home/akil/Desktop/synapse_mesh/install/synapse_mesh_bringup/lib/python3.10/site-packages:${PYTHONPATH} /usr/bin/python3 -W ignore:setup.py install is deprecated -W ignore:easy_install command is deprecated setup.py egg_info --egg-base ../build/synapse_mesh_bringup build --build-base /home/akil/Desktop/synapse_mesh/build/synapse_mesh_bringup/build install --record /home/akil/Desktop/synapse_mesh/build/synapse_mesh_bringup/install.log --install-scripts $base/lib/synapse_mesh_bringup --single-version-externally-managed install_data
[1.934s] running egg_info
[1.934s] writing ../build/synapse_mesh_bringup/synapse_mesh_bringup.egg-info/PKG-INFO
[1.935s] writing dependency_links to ../build/synapse_mesh_bringup/synapse_mesh_bringup.egg-info/dependency_links.txt
[1.938s] writing entry points to ../build/synapse_mesh_bringup/synapse_mesh_bringup.egg-info/entry_points.txt
[1.938s] writing requirements to ../build/synapse_mesh_bringup/synapse_mesh_bringup.egg-info/requires.txt
[1.938s] writing top-level names to ../build/synapse_mesh_bringup/synapse_mesh_bringup.egg-info/top_level.txt
[1.942s] reading manifest file '../build/synapse_mesh_bringup/synapse_mesh_bringup.egg-info/SOURCES.txt'
[1.942s] writing manifest file '../build/synapse_mesh_bringup/synapse_mesh_bringup.egg-info/SOURCES.txt'
[1.942s] running build
[1.942s] running build_py
[1.942s] running install
[1.942s] running install_lib
[1.942s] running install_data
[1.942s] running install_egg_info
[1.942s] removing '/home/akil/Desktop/synapse_mesh/install/synapse_mesh_bringup/lib/python3.10/site-packages/synapse_mesh_bringup-0.0.0-py3.10.egg-info' (and everything under it)
[1.943s] Copying ../build/synapse_mesh_bringup/synapse_mesh_bringup.egg-info to /home/akil/Desktop/synapse_mesh/install/synapse_mesh_bringup/lib/python3.10/site-packages/synapse_mesh_bringup-0.0.0-py3.10.egg-info
[1.943s] running install_scripts
[1.970s] Installing fms_server script to /home/akil/Desktop/synapse_mesh/install/synapse_mesh_bringup/lib/synapse_mesh_bringup
[1.970s] writing list of installed files to '/home/akil/Desktop/synapse_mesh/build/synapse_mesh_bringup/install.log'
[2.048s] Invoked command in '/home/akil/Desktop/synapse_mesh/scratch_bringup_full' returned '0': PYTHONPATH=/home/akil/Desktop/synapse_mesh/build/synapse_mesh_bringup/prefix_override:/usr/lib/python3/dist-packages/colcon_core/task/python/colcon_distutils_commands:/home/akil/Desktop/synapse_mesh/install/synapse_mesh_bringup/lib/python3.10/site-packages:${PYTHONPATH} /usr/bin/python3 -W ignore:setup.py install is deprecated -W ignore:easy_install command is deprecated setup.py egg_info --egg-base ../build/synapse_mesh_bringup build --build-base /home/akil/Desktop/synapse_mesh/build/synapse_mesh_bringup/build install --record /home/akil/Desktop/synapse_mesh/build/synapse_mesh_bringup/install.log --install-scripts $base/lib/synapse_mesh_bringup --single-version-externally-managed install_data
